functions.c:65:6:ControlNull	8	static
functions.c:212:6:seek	20	static
functions.c:302:6:resetBuffer	0	static
functions.c:167:6:decoder	16	static
functions.c:311:6:controlPacketFile	8	static
functions.c:364:6:send_to_uart	0	static
functions.c:369:6:UART3_Write_Text	8	static
functions.c:381:6:UART2_Write_Text	16	static
functions.c:79:6:createDir	16	static
functions.c:116:6:createSubDir	16	static
functions.c:150:6:openFile	8	static
functions.c:244:6:Disk_Init	8	static
functions.c:467:6:resetLeds	8	static
functions.c:475:6:controlPacketPath	8	static
functions.c:506:6:clearBuf	0	static
functions.c:323:6:readFilePacket	16	static
functions.c:395:6:readFilePacketEnd	16	static
functions.c:483:6:readRXbuffer	0	static
functions.c:41:6:UART_RX	8	static
functions.c:493:6:control_in_buf	8	static
functions.c:516:6:createPath	8	static
functions.c:264:6:stateMashin	8	static
functions.c:539:6:InitStateMashine	0	static
