Archive member included to satisfy reference by file (symbol)

c:/program files (x86)/atollic/truestudio for arm 7.1.2/armtools/bin/../lib/gcc/arm-atollic-eabi/5.3.1/../../../../arm-atollic-eabi/lib/armv7e-m/fpu\libc_nano.a(lib_a-init.o)
                              Application\TrueSTUDIO\startup_stm32f407xx.o (__libc_init_array)
c:/program files (x86)/atollic/truestudio for arm 7.1.2/armtools/bin/../lib/gcc/arm-atollic-eabi/5.3.1/../../../../arm-atollic-eabi/lib/armv7e-m/fpu\libc_nano.a(lib_a-malloc.o)
                              Middlewares\FatFs\syscall.o (malloc)
c:/program files (x86)/atollic/truestudio for arm 7.1.2/armtools/bin/../lib/gcc/arm-atollic-eabi/5.3.1/../../../../arm-atollic-eabi/lib/armv7e-m/fpu\libc_nano.a(lib_a-memset.o)
                              Drivers\STM32F4xx_HAL_Driver\stm32f4xx_hal_sd.o (memset)
c:/program files (x86)/atollic/truestudio for arm 7.1.2/armtools/bin/../lib/gcc/arm-atollic-eabi/5.3.1/../../../../arm-atollic-eabi/lib/armv7e-m/fpu\libc_nano.a(lib_a-nano-freer.o)
                              c:/program files (x86)/atollic/truestudio for arm 7.1.2/armtools/bin/../lib/gcc/arm-atollic-eabi/5.3.1/../../../../arm-atollic-eabi/lib/armv7e-m/fpu\libc_nano.a(lib_a-malloc.o) (_free_r)
c:/program files (x86)/atollic/truestudio for arm 7.1.2/armtools/bin/../lib/gcc/arm-atollic-eabi/5.3.1/../../../../arm-atollic-eabi/lib/armv7e-m/fpu\libc_nano.a(lib_a-nano-mallocr.o)
                              c:/program files (x86)/atollic/truestudio for arm 7.1.2/armtools/bin/../lib/gcc/arm-atollic-eabi/5.3.1/../../../../arm-atollic-eabi/lib/armv7e-m/fpu\libc_nano.a(lib_a-malloc.o) (_malloc_r)
c:/program files (x86)/atollic/truestudio for arm 7.1.2/armtools/bin/../lib/gcc/arm-atollic-eabi/5.3.1/../../../../arm-atollic-eabi/lib/armv7e-m/fpu\libc_nano.a(lib_a-sbrkr.o)
                              c:/program files (x86)/atollic/truestudio for arm 7.1.2/armtools/bin/../lib/gcc/arm-atollic-eabi/5.3.1/../../../../arm-atollic-eabi/lib/armv7e-m/fpu\libc_nano.a(lib_a-nano-mallocr.o) (_sbrk_r)
c:/program files (x86)/atollic/truestudio for arm 7.1.2/armtools/bin/../lib/gcc/arm-atollic-eabi/5.3.1/../../../../arm-atollic-eabi/lib/armv7e-m/fpu\libc_nano.a(lib_a-strstr.o)
                              functions.o (strstr)
c:/program files (x86)/atollic/truestudio for arm 7.1.2/armtools/bin/../lib/gcc/arm-atollic-eabi/5.3.1/../../../../arm-atollic-eabi/lib/armv7e-m/fpu\libc_nano.a(lib_a-impure.o)
                              c:/program files (x86)/atollic/truestudio for arm 7.1.2/armtools/bin/../lib/gcc/arm-atollic-eabi/5.3.1/../../../../arm-atollic-eabi/lib/armv7e-m/fpu\libc_nano.a(lib_a-malloc.o) (_impure_ptr)
c:/program files (x86)/atollic/truestudio for arm 7.1.2/armtools/bin/../lib/gcc/arm-atollic-eabi/5.3.1/../../../../arm-atollic-eabi/lib/armv7e-m/fpu\libc_nano.a(lib_a-mlock.o)
                              c:/program files (x86)/atollic/truestudio for arm 7.1.2/armtools/bin/../lib/gcc/arm-atollic-eabi/5.3.1/../../../../arm-atollic-eabi/lib/armv7e-m/fpu\libc_nano.a(lib_a-nano-freer.o) (__malloc_lock)
c:/program files (x86)/atollic/truestudio for arm 7.1.2/armtools/bin/../lib/gcc/arm-atollic-eabi/5.3.1/../../../../arm-atollic-eabi/lib/armv7e-m/fpu\libc_nano.a(lib_a-reent.o)
                              c:/program files (x86)/atollic/truestudio for arm 7.1.2/armtools/bin/../lib/gcc/arm-atollic-eabi/5.3.1/../../../../arm-atollic-eabi/lib/armv7e-m/fpu\libc_nano.a(lib_a-sbrkr.o) (errno)
c:/program files (x86)/atollic/truestudio for arm 7.1.2/armtools/bin/../lib/gcc/arm-atollic-eabi/5.3.1/../../../../arm-atollic-eabi/lib/armv7e-m/fpu\libnosys.a(sbrk.o)
                              c:/program files (x86)/atollic/truestudio for arm 7.1.2/armtools/bin/../lib/gcc/arm-atollic-eabi/5.3.1/../../../../arm-atollic-eabi/lib/armv7e-m/fpu\libc_nano.a(lib_a-sbrkr.o) (_sbrk)

Allocating common symbols
Common symbol       size              file

retSD               0x1               Application\User\fatfs.o
hUsbDeviceFS        0x224             Application\User\usb_device.o
writeBuffer         0x418             functions.o
errno               0x4               c:/program files (x86)/atollic/truestudio for arm 7.1.2/armtools/bin/../lib/gcc/arm-atollic-eabi/5.3.1/../../../../arm-atollic-eabi/lib/armv7e-m/fpu\libc_nano.a(lib_a-reent.o)
huart3              0x40              Application\User\main.o
hpcd_USB_OTG_FS     0x3b8             Application\User\usbd_conf.o
fdst                0x228             functions.o
uwTick              0x4               Drivers\STM32F4xx_HAL_Driver\stm32f4xx_hal.o
DirName             0x1e              functions.o
br                  0x4               functions.o
pFlash              0x20              Drivers\STM32F4xx_HAL_Driver\stm32f4xx_hal_flash.o
SDCardInfo          0x58              Application\User\main.o
fsrc                0x228             functions.o
Buf                 0x418             functions.o
SDPath              0x4               functions.o
[...]
Memory Configuration

Name             Origin             Length             Attributes
FLASH            0x08000000         0x00100000         xr
RAM              0x20000000         0x00020000         xrw
CCMRAM           0x10000000         0x00010000         rw
*default*        0x00000000         0xffffffff

Linker script and memory map

LOAD c:/program files (x86)/atollic/truestudio for arm 7.1.2/armtools/bin/../lib/gcc/arm-atollic-eabi/5.3.1/armv7e-m/fpu/crti.o
LOAD c:/program files (x86)/atollic/truestudio for arm 7.1.2/armtools/bin/../lib/gcc/arm-atollic-eabi/5.3.1/armv7e-m/fpu/crtbegin.o
LOAD Application\TrueSTUDIO\startup_stm32f407xx.o
LOAD Application\User\bsp_driver_sd.o
LOAD Application\User\fatfs.o
LOAD Application\User\main.o
LOAD Application\User\stm32f4xx_hal_msp.o
LOAD Application\User\stm32f4xx_it.o
LOAD Application\User\usb_device.o
LOAD Application\User\usbd_conf.o
LOAD Application\User\usbd_desc.o
LOAD Application\User\usbd_storage_if.o
LOAD Drivers\CMSIS\system_stm32f4xx.o
LOAD Drivers\STM32F4xx_HAL_Driver\stm32f4xx_hal.o
LOAD Drivers\STM32F4xx_HAL_Driver\stm32f4xx_hal_cortex.o
LOAD Drivers\STM32F4xx_HAL_Driver\stm32f4xx_hal_dma.o
LOAD Drivers\STM32F4xx_HAL_Driver\stm32f4xx_hal_dma_ex.o
LOAD Drivers\STM32F4xx_HAL_Driver\stm32f4xx_hal_flash.o
LOAD Drivers\STM32F4xx_HAL_Driver\stm32f4xx_hal_flash_ex.o
LOAD Drivers\STM32F4xx_HAL_Driver\stm32f4xx_hal_flash_ramfunc.o
LOAD Drivers\STM32F4xx_HAL_Driver\stm32f4xx_hal_gpio.o
LOAD Drivers\STM32F4xx_HAL_Driver\stm32f4xx_hal_pcd.o
LOAD Drivers\STM32F4xx_HAL_Driver\stm32f4xx_hal_pcd_ex.o
LOAD Drivers\STM32F4xx_HAL_Driver\stm32f4xx_hal_pwr.o
LOAD Drivers\STM32F4xx_HAL_Driver\stm32f4xx_hal_pwr_ex.o
LOAD Drivers\STM32F4xx_HAL_Driver\stm32f4xx_hal_rcc.o
LOAD Drivers\STM32F4xx_HAL_Driver\stm32f4xx_hal_rcc_ex.o
LOAD Drivers\STM32F4xx_HAL_Driver\stm32f4xx_hal_sd.o
LOAD Drivers\STM32F4xx_HAL_Driver\stm32f4xx_hal_tim.o
LOAD Drivers\STM32F4xx_HAL_Driver\stm32f4xx_hal_tim_ex.o
LOAD Drivers\STM32F4xx_HAL_Driver\stm32f4xx_hal_uart.o
LOAD Drivers\STM32F4xx_HAL_Driver\stm32f4xx_ll_sdmmc.o
LOAD Drivers\STM32F4xx_HAL_Driver\stm32f4xx_ll_usb.o
LOAD Middlewares\FatFs\diskio.o
LOAD Middlewares\FatFs\ff.o
LOAD Middlewares\FatFs\ff_gen_drv.o
LOAD Middlewares\FatFs\sd_diskio.o
LOAD Middlewares\FatFs\syscall.o
LOAD Middlewares\USB_Device_Library\usbd_core.o
LOAD Middlewares\USB_Device_Library\usbd_ctlreq.o
LOAD Middlewares\USB_Device_Library\usbd_ioreq.o
LOAD Middlewares\USB_Device_Library\usbd_msc.o
LOAD Middlewares\USB_Device_Library\usbd_msc_bot.o
LOAD Middlewares\USB_Device_Library\usbd_msc_data.o
LOAD Middlewares\USB_Device_Library\usbd_msc_scsi.o
LOAD functions.o
START GROUP
LOAD c:/program files (x86)/atollic/truestudio for arm 7.1.2/armtools/bin/../lib/gcc/arm-atollic-eabi/5.3.1/../../../../arm-atollic-eabi/lib/armv7e-m/fpu\libc_nano.a
LOAD c:/program files (x86)/atollic/truestudio for arm 7.1.2/armtools/bin/../lib/gcc/arm-atollic-eabi/5.3.1/../../../../arm-atollic-eabi/lib/armv7e-m/fpu\libm.a
END GROUP
                0x00000080                malloc_getpagesize_P = 0x80
START GROUP
LOAD c:/program files (x86)/atollic/truestudio for arm 7.1.2/armtools/bin/../lib/gcc/arm-atollic-eabi/5.3.1/armv7e-m/fpu\libgcc.a
LOAD c:/program files (x86)/atollic/truestudio for arm 7.1.2/armtools/bin/../lib/gcc/arm-atollic-eabi/5.3.1/../../../../arm-atollic-eabi/lib/armv7e-m/fpu\libc_nano.a
END GROUP
START GROUP
LOAD c:/program files (x86)/atollic/truestudio for arm 7.1.2/armtools/bin/../lib/gcc/arm-atollic-eabi/5.3.1/armv7e-m/fpu\libgcc.a
LOAD c:/program files (x86)/atollic/truestudio for arm 7.1.2/armtools/bin/../lib/gcc/arm-atollic-eabi/5.3.1/../../../../arm-atollic-eabi/lib/armv7e-m/fpu\libc_nano.a
LOAD c:/program files (x86)/atollic/truestudio for arm 7.1.2/armtools/bin/../lib/gcc/arm-atollic-eabi/5.3.1/../../../../arm-atollic-eabi/lib/armv7e-m/fpu\libnosys.a
END GROUP
START GROUP
LOAD c:/program files (x86)/atollic/truestudio for arm 7.1.2/armtools/bin/../lib/gcc/arm-atollic-eabi/5.3.1/armv7e-m/fpu\libgcc.a
LOAD c:/program files (x86)/atollic/truestudio for arm 7.1.2/armtools/bin/../lib/gcc/arm-atollic-eabi/5.3.1/../../../../arm-atollic-eabi/lib/armv7e-m/fpu\libc_nano.a
LOAD c:/program files (x86)/atollic/truestudio for arm 7.1.2/armtools/bin/../lib/gcc/arm-atollic-eabi/5.3.1/../../../../arm-atollic-eabi/lib/armv7e-m/fpu\libnosys.a
END GROUP
LOAD c:/program files (x86)/atollic/truestudio for arm 7.1.2/armtools/bin/../lib/gcc/arm-atollic-eabi/5.3.1/armv7e-m/fpu/crtend.o
LOAD c:/program files (x86)/atollic/truestudio for arm 7.1.2/armtools/bin/../lib/gcc/arm-atollic-eabi/5.3.1/armv7e-m/fpu/crtn.o
                0x20020000                _estack = 0x20020000
                0x00000200                _Min_Heap_Size = 0x200
                0x00000400                _Min_Stack_Size = 0x400

.isr_vector     0x08000000      0x188
                0x08000000                . = ALIGN (0x4)
 *(.isr_vector)
 .isr_vector    0x08000000      0x188 Application\TrueSTUDIO\startup_stm32f407xx.o
                0x08000000                g_pfnVectors
                0x08000188                . = ALIGN (0x4)

.text           0x08000188     0x68fc
                0x08000188                . = ALIGN (0x4)
 *(.text)
 .text          0x08000188       0x40 c:/program files (x86)/atollic/truestudio for arm 7.1.2/armtools/bin/../lib/gcc/arm-atollic-eabi/5.3.1/armv7e-m/fpu/crtbegin.o
 *(.text*)
 .text.Reset_Handler
                0x080001c8       0x50 Application\TrueSTUDIO\startup_stm32f407xx.o
                0x080001c8                Reset_Handler
 .text.Default_Handler
                0x08000218        0x2 Application\TrueSTUDIO\startup_stm32f407xx.o
                0x08000218                RTC_Alarm_IRQHandler
                0x08000218                HASH_RNG_IRQHandler
                0x08000218                EXTI2_IRQHandler
                0x08000218                TIM8_CC_IRQHandler
                0x08000218                DebugMon_Handler
                0x08000218                TIM1_CC_IRQHandler
                0x08000218                DMA2_Stream5_IRQHandler
                0x08000218                HardFault_Handler
                0x08000218                DMA1_Stream5_IRQHandler
                0x08000218                PVD_IRQHandler
                0x08000218                SDIO_IRQHandler
                0x08000218                TAMP_STAMP_IRQHandler
                0x08000218                PendSV_Handler
                0x08000218                NMI_Handler
                0x08000218                CAN2_RX1_IRQHandler
                0x08000218                EXTI3_IRQHandler
                0x08000218                TIM8_TRG_COM_TIM14_IRQHandler
                0x08000218                TIM1_UP_TIM10_IRQHandler
                0x08000218                TIM8_UP_TIM13_IRQHandler
                0x08000218                I2C3_ER_IRQHandler
                0x08000218                EXTI0_IRQHandler
                0x08000218                I2C2_EV_IRQHandler
                0x08000218                DMA1_Stream2_IRQHandler
                0x08000218                CAN1_RX0_IRQHandler
                0x08000218                FPU_IRQHandler
                0x08000218                OTG_HS_WKUP_IRQHandler
                0x08000218                UsageFault_Handler
                0x08000218                CAN2_SCE_IRQHandler
                0x08000218                DMA2_Stream2_IRQHandler
                0x08000218                SPI1_IRQHandler
                0x08000218                TIM6_DAC_IRQHandler
                0x08000218                TIM1_BRK_TIM9_IRQHandler
                0x08000218                DCMI_IRQHandler
                0x08000218                CAN2_RX0_IRQHandler
                0x08000218                DMA2_Stream3_IRQHandler
                0x08000218                USART6_IRQHandler
                0x08000218                CAN1_RX1_IRQHandler
                0x08000218                UART5_IRQHandler
                0x08000218                DMA2_Stream0_IRQHandler
                0x08000218                TIM4_IRQHandler
                0x08000218                I2C1_EV_IRQHandler
                0x08000218                DMA1_Stream6_IRQHandler
                0x08000218                DMA1_Stream1_IRQHandler
                0x08000218                UART4_IRQHandler
                0x08000218                TIM3_IRQHandler
                0x08000218                RCC_IRQHandler
                0x08000218                TIM8_BRK_TIM12_IRQHandler
                0x08000218                Default_Handler
                0x08000218                EXTI15_10_IRQHandler
                0x08000218                ADC_IRQHandler
                0x08000218                DMA1_Stream7_IRQHandler
                0x08000218                TIM7_IRQHandler
                0x08000218                CAN2_TX_IRQHandler
                0x08000218                TIM5_IRQHandler
                0x08000218                DMA2_Stream7_IRQHandler
                0x08000218                I2C3_EV_IRQHandler
                0x08000218                EXTI9_5_IRQHandler
                0x08000218                RTC_WKUP_IRQHandler
                0x08000218                ETH_WKUP_IRQHandler
                0x08000218                SPI2_IRQHandler
                0x08000218                OTG_HS_EP1_IN_IRQHandler
                0x08000218                MemManage_Handler
                0x08000218                DMA1_Stream0_IRQHandler
                0x08000218                CAN1_TX_IRQHandler
                0x08000218                SVC_Handler
                0x08000218                EXTI4_IRQHandler
                0x08000218                FSMC_IRQHandler
                0x08000218                ETH_IRQHandler
                0x08000218                OTG_HS_EP1_OUT_IRQHandler
                0x08000218                WWDG_IRQHandler
                0x08000218                TIM2_IRQHandler
                0x08000218                OTG_FS_WKUP_IRQHandler
                0x08000218                TIM1_TRG_COM_TIM11_IRQHandler
                0x08000218                OTG_HS_IRQHandler
                0x08000218                EXTI1_IRQHandler
                0x08000218                I2C2_ER_IRQHandler
                0x08000218                DMA2_Stream1_IRQHandler
                0x08000218                CAN1_SCE_IRQHandler
                0x08000218                FLASH_IRQHandler
                0x08000218                DMA2_Stream4_IRQHandler
                0x08000218                BusFault_Handler
                0x08000218                USART1_IRQHandler
                0x08000218                SPI3_IRQHandler
                0x08000218                DMA1_Stream4_IRQHandler
                0x08000218                I2C1_ER_IRQHandler
                0x08000218                DMA2_Stream6_IRQHandler
                0x08000218                DMA1_Stream3_IRQHandler
 *fill*         0x0800021a        0x2 
 .text.BSP_SD_Init
                0x0800021c       0x28 Application\User\bsp_driver_sd.o
                0x0800021c                BSP_SD_Init
 .text.BSP_SD_ReadBlocks
                0x08000244       0x24 Application\User\bsp_driver_sd.o
                0x08000244                BSP_SD_ReadBlocks
 .text.BSP_SD_WriteBlocks
                0x08000268       0x24 Application\User\bsp_driver_sd.o
                0x08000268                BSP_SD_WriteBlocks
 .text.BSP_SD_GetStatus
                0x0800028c        0xc Application\User\bsp_driver_sd.o
                0x0800028c                BSP_SD_GetStatus
 .text.BSP_SD_GetCardInfo
                0x08000298        0xc Application\User\bsp_driver_sd.o
                0x08000298                BSP_SD_GetCardInfo
 .text.MX_FATFS_Init
                0x080002a4       0x1c Application\User\fatfs.o
                0x080002a4                MX_FATFS_Init
 .text.get_fattime
                0x080002c0        0x4 Application\User\fatfs.o
                0x080002c0                get_fattime
 .text.Error_Handler
                0x080002c4       0x1c Application\User\main.o
                0x080002c4                Error_Handler
 .text.SystemClock_Config
                0x080002e0       0xb0 Application\User\main.o
                0x080002e0                SystemClock_Config
 .text.startup.main
                0x08000390      0x170 Application\User\main.o
                0x08000390                main
 .text.HAL_MspInit
                0x08000500       0x60 Application\User\stm32f4xx_hal_msp.o
                0x08000500                HAL_MspInit
 .text.HAL_SD_MspInit
                0x08000560       0x6c Application\User\stm32f4xx_hal_msp.o
                0x08000560                HAL_SD_MspInit
 .text.HAL_UART_MspInit
                0x080005cc       0xbc Application\User\stm32f4xx_hal_msp.o
                0x080005cc                HAL_UART_MspInit
 .text.SysTick_Handler
                0x08000688        0xe Application\User\stm32f4xx_it.o
                0x08000688                SysTick_Handler
 *fill*         0x08000696        0x2 
 .text.USART2_IRQHandler
                0x08000698        0xc Application\User\stm32f4xx_it.o
                0x08000698                USART2_IRQHandler
 .text.USART3_IRQHandler
                0x080006a4       0x28 Application\User\stm32f4xx_it.o
                0x080006a4                USART3_IRQHandler
 .text.OTG_FS_IRQHandler
                0x080006cc        0xc Application\User\stm32f4xx_it.o
                0x080006cc                OTG_FS_IRQHandler
 .text.MX_USB_DEVICE_Init
                0x080006d8       0x38 Application\User\usb_device.o
                0x080006d8                MX_USB_DEVICE_Init
 .text.HAL_PCD_MspInit
                0x08000710       0x8c Application\User\usbd_conf.o
                0x08000710                HAL_PCD_MspInit
 .text.HAL_PCD_SetupStageCallback
                0x0800079c        0xc Application\User\usbd_conf.o
                0x0800079c                HAL_PCD_SetupStageCallback
 .text.HAL_PCD_DataOutStageCallback
                0x080007a8       0x12 Application\User\usbd_conf.o
                0x080007a8                HAL_PCD_DataOutStageCallback
 .text.HAL_PCD_DataInStageCallback
                0x080007ba       0x10 Application\User\usbd_conf.o
                0x080007ba                HAL_PCD_DataInStageCallback
 .text.HAL_PCD_SOFCallback
                0x080007ca        0x8 Application\User\usbd_conf.o
                0x080007ca                HAL_PCD_SOFCallback
 .text.HAL_PCD_ResetCallback
                0x080007d2       0x20 Application\User\usbd_conf.o
                0x080007d2                HAL_PCD_ResetCallback
 *fill*         0x080007f2        0x2 
 .text.HAL_PCD_SuspendCallback
                0x080007f4       0x30 Application\User\usbd_conf.o
                0x080007f4                HAL_PCD_SuspendCallback
 .text.HAL_PCD_ResumeCallback
                0x08000824        0x8 Application\User\usbd_conf.o
                0x08000824                HAL_PCD_ResumeCallback
 .text.HAL_PCD_ISOOUTIncompleteCallback
                0x0800082c        0x8 Application\User\usbd_conf.o
                0x0800082c                HAL_PCD_ISOOUTIncompleteCallback
 .text.HAL_PCD_ISOINIncompleteCallback
                0x08000834        0x8 Application\User\usbd_conf.o
                0x08000834                HAL_PCD_ISOINIncompleteCallback
 .text.HAL_PCD_ConnectCallback
                0x0800083c        0x8 Application\User\usbd_conf.o
                0x0800083c                HAL_PCD_ConnectCallback
 .text.HAL_PCD_DisconnectCallback
                0x08000844        0x8 Application\User\usbd_conf.o
                0x08000844                HAL_PCD_DisconnectCallback
 .text.USBD_LL_Init
                0x0800084c       0x60 Application\User\usbd_conf.o
                0x0800084c                USBD_LL_Init
 .text.USBD_LL_Start
                0x080008ac        0xe Application\User\usbd_conf.o
                0x080008ac                USBD_LL_Start
 .text.USBD_LL_Stop
                0x080008ba        0xe Application\User\usbd_conf.o
                0x080008ba                USBD_LL_Stop
 .text.USBD_LL_OpenEP
                0x080008c8       0x14 Application\User\usbd_conf.o
                0x080008c8                USBD_LL_OpenEP
 .text.USBD_LL_CloseEP
                0x080008dc        0xe Application\User\usbd_conf.o
                0x080008dc                USBD_LL_CloseEP
 .text.USBD_LL_FlushEP
                0x080008ea        0xe Application\User\usbd_conf.o
                0x080008ea                USBD_LL_FlushEP
 .text.USBD_LL_StallEP
                0x080008f8        0xe Application\User\usbd_conf.o
                0x080008f8                USBD_LL_StallEP
 .text.USBD_LL_ClearStallEP
                0x08000906        0xe Application\User\usbd_conf.o
                0x08000906                USBD_LL_ClearStallEP
 .text.USBD_LL_IsStallEP
                0x08000914       0x26 Application\User\usbd_conf.o
                0x08000914                USBD_LL_IsStallEP
 .text.USBD_LL_SetUSBAddress
                0x0800093a        0xe Application\User\usbd_conf.o
                0x0800093a                USBD_LL_SetUSBAddress
 .text.USBD_LL_Transmit
                0x08000948        0xe Application\User\usbd_conf.o
                0x08000948                USBD_LL_Transmit
 .text.USBD_LL_PrepareReceive
                0x08000956        0xe Application\User\usbd_conf.o
                0x08000956                USBD_LL_PrepareReceive
 .text.USBD_LL_GetRxDataSize
                0x08000964        0xc Application\User\usbd_conf.o
                0x08000964                USBD_LL_GetRxDataSize
 .text.USBD_FS_DeviceDescriptor
                0x08000970        0xc Application\User\usbd_desc.o
                0x08000970                USBD_FS_DeviceDescriptor
 .text.USBD_FS_LangIDStrDescriptor
                0x0800097c        0xc Application\User\usbd_desc.o
                0x0800097c                USBD_FS_LangIDStrDescriptor
 .text.USBD_FS_ManufacturerStrDescriptor
                0x08000988       0x1c Application\User\usbd_desc.o
                0x08000988                USBD_FS_ManufacturerStrDescriptor
 .text.USBD_FS_ProductStrDescriptor
                0x080009a4       0x1c Application\User\usbd_desc.o
                0x080009a4                USBD_FS_ProductStrDescriptor
 .text.USBD_FS_SerialStrDescriptor
                0x080009c0       0x1c Application\User\usbd_desc.o
                0x080009c0                USBD_FS_SerialStrDescriptor
 .text.USBD_FS_ConfigStrDescriptor
                0x080009dc       0x1c Application\User\usbd_desc.o
                0x080009dc                USBD_FS_ConfigStrDescriptor
 .text.USBD_FS_InterfaceStrDescriptor
                0x080009f8       0x1c Application\User\usbd_desc.o
                0x080009f8                USBD_FS_InterfaceStrDescriptor
 .text.STORAGE_IsWriteProtected_FS
                0x08000a14        0x4 Application\User\usbd_storage_if.o
 .text.STORAGE_GetMaxLun_FS
                0x08000a18        0x4 Application\User\usbd_storage_if.o
 .text.STORAGE_Write_FS
                0x08000a1c       0x20 Application\User\usbd_storage_if.o
 .text.STORAGE_Read_FS
                0x08000a3c       0x20 Application\User\usbd_storage_if.o
 .text.STORAGE_IsReady_FS
                0x08000a5c       0x14 Application\User\usbd_storage_if.o
 .text.STORAGE_GetCapacity_FS
                0x08000a70       0x30 Application\User\usbd_storage_if.o
 .text.STORAGE_Init_FS
                0x08000aa0        0x4 Application\User\usbd_storage_if.o
 .text.SystemInit
                0x08000aa4       0x4c Drivers\CMSIS\system_stm32f4xx.o
                0x08000aa4                SystemInit
 .text.HAL_InitTick
                0x08000af0       0x28 Drivers\STM32F4xx_HAL_Driver\stm32f4xx_hal.o
                0x08000af0                HAL_InitTick
 .text.HAL_Init
                0x08000b18       0x34 Drivers\STM32F4xx_HAL_Driver\stm32f4xx_hal.o
                0x08000b18                HAL_Init
 .text.HAL_IncTick
                0x08000b4c       0x10 Drivers\STM32F4xx_HAL_Driver\stm32f4xx_hal.o
                0x08000b4c                HAL_IncTick
 .text.HAL_GetTick
                0x08000b5c        0xc Drivers\STM32F4xx_HAL_Driver\stm32f4xx_hal.o
                0x08000b5c                HAL_GetTick
 .text.HAL_Delay
                0x08000b68       0x1a Drivers\STM32F4xx_HAL_Driver\stm32f4xx_hal.o
                0x08000b68                HAL_Delay
 *fill*         0x08000b82        0x2 
 .text.HAL_NVIC_SetPriorityGrouping
                0x08000b84       0x24 Drivers\STM32F4xx_HAL_Driver\stm32f4xx_hal_cortex.o
                0x08000b84                HAL_NVIC_SetPriorityGrouping
 .text.HAL_NVIC_SetPriority
                0x08000ba8       0x68 Drivers\STM32F4xx_HAL_Driver\stm32f4xx_hal_cortex.o
                0x08000ba8                HAL_NVIC_SetPriority
 .text.HAL_NVIC_EnableIRQ
                0x08000c10       0x18 Drivers\STM32F4xx_HAL_Driver\stm32f4xx_hal_cortex.o
                0x08000c10                HAL_NVIC_EnableIRQ
 .text.HAL_SYSTICK_Config
                0x08000c28       0x2c Drivers\STM32F4xx_HAL_Driver\stm32f4xx_hal_cortex.o
                0x08000c28                HAL_SYSTICK_Config
 .text.HAL_SYSTICK_CLKSourceConfig
                0x08000c54       0x18 Drivers\STM32F4xx_HAL_Driver\stm32f4xx_hal_cortex.o
                0x08000c54                HAL_SYSTICK_CLKSourceConfig
 .text.HAL_SYSTICK_Callback
                0x08000c6c        0x2 Drivers\STM32F4xx_HAL_Driver\stm32f4xx_hal_cortex.o
                0x08000c6c                HAL_SYSTICK_Callback
 .text.HAL_SYSTICK_IRQHandler
                0x08000c6e        0x8 Drivers\STM32F4xx_HAL_Driver\stm32f4xx_hal_cortex.o
                0x08000c6e                HAL_SYSTICK_IRQHandler
 .text.HAL_DMA_Abort_IT
                0x08000c76       0x24 Drivers\STM32F4xx_HAL_Driver\stm32f4xx_hal_dma.o
                0x08000c76                HAL_DMA_Abort_IT
 *fill*         0x08000c9a        0x2 
 .text.HAL_GPIO_Init
                0x08000c9c      0x1c0 Drivers\STM32F4xx_HAL_Driver\stm32f4xx_hal_gpio.o
                0x08000c9c                HAL_GPIO_Init
 .text.HAL_GPIO_WritePin
                0x08000e5c        0x8 Drivers\STM32F4xx_HAL_Driver\stm32f4xx_hal_gpio.o
                0x08000e5c                HAL_GPIO_WritePin
 .text.HAL_GPIO_TogglePin
                0x08000e64        0x8 Drivers\STM32F4xx_HAL_Driver\stm32f4xx_hal_gpio.o
                0x08000e64                HAL_GPIO_TogglePin
 .text.HAL_PCD_Init
                0x08000e6c       0xd8 Drivers\STM32F4xx_HAL_Driver\stm32f4xx_hal_pcd.o
                0x08000e6c                HAL_PCD_Init
 .text.HAL_PCD_Start
                0x08000f44       0x2a Drivers\STM32F4xx_HAL_Driver\stm32f4xx_hal_pcd.o
                0x08000f44                HAL_PCD_Start
 .text.HAL_PCD_Stop
                0x08000f6e       0x30 Drivers\STM32F4xx_HAL_Driver\stm32f4xx_hal_pcd.o
                0x08000f6e                HAL_PCD_Stop
 *fill*         0x08000f9e        0x2 
 .text.HAL_PCD_IRQHandler
                0x08000fa0      0x548 Drivers\STM32F4xx_HAL_Driver\stm32f4xx_hal_pcd.o
                0x08000fa0                HAL_PCD_IRQHandler
 .text.HAL_PCD_SetAddress
                0x080014e8       0x24 Drivers\STM32F4xx_HAL_Driver\stm32f4xx_hal_pcd.o
                0x080014e8                HAL_PCD_SetAddress
 .text.HAL_PCD_EP_Open
                0x0800150c       0x5c Drivers\STM32F4xx_HAL_Driver\stm32f4xx_hal_pcd.o
                0x0800150c                HAL_PCD_EP_Open
 .text.HAL_PCD_EP_Close
                0x08001568       0x46 Drivers\STM32F4xx_HAL_Driver\stm32f4xx_hal_pcd.o
                0x08001568                HAL_PCD_EP_Close
 .text.HAL_PCD_EP_Receive
                0x080015ae       0x62 Drivers\STM32F4xx_HAL_Driver\stm32f4xx_hal_pcd.o
                0x080015ae                HAL_PCD_EP_Receive
 .text.HAL_PCD_EP_GetRxCount
                0x08001610       0x10 Drivers\STM32F4xx_HAL_Driver\stm32f4xx_hal_pcd.o
                0x08001610                HAL_PCD_EP_GetRxCount
 .text.HAL_PCD_EP_Transmit
                0x08001620       0x5a Drivers\STM32F4xx_HAL_Driver\stm32f4xx_hal_pcd.o
                0x08001620                HAL_PCD_EP_Transmit
 .text.HAL_PCD_EP_SetStall
                0x0800167a       0x58 Drivers\STM32F4xx_HAL_Driver\stm32f4xx_hal_pcd.o
                0x0800167a                HAL_PCD_EP_SetStall
 .text.HAL_PCD_EP_ClrStall
                0x080016d2       0x4a Drivers\STM32F4xx_HAL_Driver\stm32f4xx_hal_pcd.o
                0x080016d2                HAL_PCD_EP_ClrStall
 .text.HAL_PCD_EP_Flush
                0x0800171c       0x34 Drivers\STM32F4xx_HAL_Driver\stm32f4xx_hal_pcd.o
                0x0800171c                HAL_PCD_EP_Flush
 .text.HAL_PCDEx_SetTxFiFo
                0x08001750       0x42 Drivers\STM32F4xx_HAL_Driver\stm32f4xx_hal_pcd_ex.o
                0x08001750                HAL_PCDEx_SetTxFiFo
 .text.HAL_PCDEx_SetRxFiFo
                0x08001792        0x8 Drivers\STM32F4xx_HAL_Driver\stm32f4xx_hal_pcd_ex.o
                0x08001792                HAL_PCDEx_SetRxFiFo
 *fill*         0x0800179a        0x2 
 .text.HAL_RCC_OscConfig
                0x0800179c      0x2d0 Drivers\STM32F4xx_HAL_Driver\stm32f4xx_hal_rcc.o
                0x0800179c                HAL_RCC_OscConfig
 .text.HAL_RCC_GetSysClockFreq
                0x08001a6c       0x7c Drivers\STM32F4xx_HAL_Driver\stm32f4xx_hal_rcc.o
                0x08001a6c                HAL_RCC_GetSysClockFreq
 .text.HAL_RCC_ClockConfig
                0x08001ae8      0x168 Drivers\STM32F4xx_HAL_Driver\stm32f4xx_hal_rcc.o
                0x08001ae8                HAL_RCC_ClockConfig
 .text.HAL_RCC_GetHCLKFreq
                0x08001c50        0xc Drivers\STM32F4xx_HAL_Driver\stm32f4xx_hal_rcc.o
                0x08001c50                HAL_RCC_GetHCLKFreq
 .text.HAL_RCC_GetPCLK1Freq
                0x08001c5c       0x30 Drivers\STM32F4xx_HAL_Driver\stm32f4xx_hal_rcc.o
                0x08001c5c                HAL_RCC_GetPCLK1Freq
 .text.HAL_RCC_GetPCLK2Freq
                0x08001c8c       0x30 Drivers\STM32F4xx_HAL_Driver\stm32f4xx_hal_rcc.o
                0x08001c8c                HAL_RCC_GetPCLK2Freq
 .text.SD_CmdResp2Error
                0x08001cbc       0x2c Drivers\STM32F4xx_HAL_Driver\stm32f4xx_hal_sd.o
 .text.SD_IsCardProgramming
                0x08001ce8      0x144 Drivers\STM32F4xx_HAL_Driver\stm32f4xx_hal_sd.o
 .text.SD_CmdResp1Error
                0x08001e2c       0xec Drivers\STM32F4xx_HAL_Driver\stm32f4xx_hal_sd.o
 .text.HAL_SD_Get_CardInfo
                0x08001f18      0x284 Drivers\STM32F4xx_HAL_Driver\stm32f4xx_hal_sd.o
                0x08001f18                HAL_SD_Get_CardInfo
 .text.HAL_SD_Init
                0x0800219c      0x38c Drivers\STM32F4xx_HAL_Driver\stm32f4xx_hal_sd.o
                0x0800219c                HAL_SD_Init
 .text.HAL_SD_StopTransfer
                0x08002528       0x2e Drivers\STM32F4xx_HAL_Driver\stm32f4xx_hal_sd.o
                0x08002528                HAL_SD_StopTransfer
 .text.HAL_SD_ReadBlocks
                0x08002556      0x184 Drivers\STM32F4xx_HAL_Driver\stm32f4xx_hal_sd.o
                0x08002556                HAL_SD_ReadBlocks
 .text.HAL_SD_WriteBlocks
                0x080026da      0x1ec Drivers\STM32F4xx_HAL_Driver\stm32f4xx_hal_sd.o
                0x080026da                HAL_SD_WriteBlocks
 .text.HAL_SD_SendSDStatus
                0x080028c6      0x120 Drivers\STM32F4xx_HAL_Driver\stm32f4xx_hal_sd.o
                0x080028c6                HAL_SD_SendSDStatus
 .text.HAL_SD_GetStatus
                0x080029e6       0x46 Drivers\STM32F4xx_HAL_Driver\stm32f4xx_hal_sd.o
                0x080029e6                HAL_SD_GetStatus
 .text.HAL_SD_GetCardStatus
                0x08002a2c       0x74 Drivers\STM32F4xx_HAL_Driver\stm32f4xx_hal_sd.o
                0x08002a2c                HAL_SD_GetCardStatus
 .text.UART_EndRxTransfer
                0x08002aa0       0x1a Drivers\STM32F4xx_HAL_Driver\stm32f4xx_hal_uart.o
 *fill*         0x08002aba        0x2 
 .text.UART_SetConfig
                0x08002abc      0x23c Drivers\STM32F4xx_HAL_Driver\stm32f4xx_hal_uart.o
 .text.HAL_UART_Init
                0x08002cf8       0x5c Drivers\STM32F4xx_HAL_Driver\stm32f4xx_hal_uart.o
                0x08002cf8                HAL_UART_Init
 .text.HAL_UART_TxCpltCallback
                0x08002d54        0x2 Drivers\STM32F4xx_HAL_Driver\stm32f4xx_hal_uart.o
                0x08002d54                HAL_UART_TxCpltCallback
 .text.HAL_UART_RxCpltCallback
                0x08002d56        0x2 Drivers\STM32F4xx_HAL_Driver\stm32f4xx_hal_uart.o
                0x08002d56                HAL_UART_RxCpltCallback
 .text.UART_Receive_IT
                0x08002d58       0x78 Drivers\STM32F4xx_HAL_Driver\stm32f4xx_hal_uart.o
 .text.HAL_UART_ErrorCallback
                0x08002dd0        0x2 Drivers\STM32F4xx_HAL_Driver\stm32f4xx_hal_uart.o
                0x08002dd0                HAL_UART_ErrorCallback
 *fill*         0x08002dd2        0x2 
 .text.HAL_UART_IRQHandler
                0x08002dd4      0x140 Drivers\STM32F4xx_HAL_Driver\stm32f4xx_hal_uart.o
                0x08002dd4                HAL_UART_IRQHandler
 .text.UART_DMAAbortOnError
                0x08002f14       0x10 Drivers\STM32F4xx_HAL_Driver\stm32f4xx_hal_uart.o
 .text.SDIO_Init
                0x08002f24       0x36 Drivers\STM32F4xx_HAL_Driver\stm32f4xx_ll_sdmmc.o
                0x08002f24                SDIO_Init
 .text.SDIO_ReadFIFO
                0x08002f5a        0x6 Drivers\STM32F4xx_HAL_Driver\stm32f4xx_ll_sdmmc.o
                0x08002f5a                SDIO_ReadFIFO
 .text.SDIO_WriteFIFO
                0x08002f60        0xa Drivers\STM32F4xx_HAL_Driver\stm32f4xx_ll_sdmmc.o
                0x08002f60                SDIO_WriteFIFO
 .text.SDIO_PowerState_ON
                0x08002f6a        0x8 Drivers\STM32F4xx_HAL_Driver\stm32f4xx_ll_sdmmc.o
                0x08002f6a                SDIO_PowerState_ON
 .text.SDIO_GetPowerState
                0x08002f72        0x8 Drivers\STM32F4xx_HAL_Driver\stm32f4xx_ll_sdmmc.o
                0x08002f72                SDIO_GetPowerState
 .text.SDIO_SendCommand
                0x08002f7a       0x26 Drivers\STM32F4xx_HAL_Driver\stm32f4xx_ll_sdmmc.o
                0x08002f7a                SDIO_SendCommand
 .text.SDIO_GetCommandResponse
                0x08002fa0        0x6 Drivers\STM32F4xx_HAL_Driver\stm32f4xx_ll_sdmmc.o
                0x08002fa0                SDIO_GetCommandResponse
 *fill*         0x08002fa6        0x2 
 .text.SDIO_GetResponse
                0x08002fa8       0x18 Drivers\STM32F4xx_HAL_Driver\stm32f4xx_ll_sdmmc.o
                0x08002fa8                SDIO_GetResponse
 .text.SDIO_DataConfig
                0x08002fc0       0x26 Drivers\STM32F4xx_HAL_Driver\stm32f4xx_ll_sdmmc.o
                0x08002fc0                SDIO_DataConfig
 .text.USB_CoreInit
                0x08002fe6       0x6c Drivers\STM32F4xx_HAL_Driver\stm32f4xx_ll_usb.o
                0x08002fe6                USB_CoreInit
 .text.USB_EnableGlobalInt
                0x08003052        0xc Drivers\STM32F4xx_HAL_Driver\stm32f4xx_ll_usb.o
                0x08003052                USB_EnableGlobalInt
 .text.USB_DisableGlobalInt
                0x0800305e        0xc Drivers\STM32F4xx_HAL_Driver\stm32f4xx_ll_usb.o
                0x0800305e                USB_DisableGlobalInt
 .text.USB_SetCurrentMode
                0x0800306a       0x2c Drivers\STM32F4xx_HAL_Driver\stm32f4xx_ll_usb.o
                0x0800306a                USB_SetCurrentMode
 *fill*         0x08003096        0x2 
 .text.USB_DevInit
                0x08003098      0x134 Drivers\STM32F4xx_HAL_Driver\stm32f4xx_ll_usb.o
                0x08003098                USB_DevInit
 .text.USB_FlushTxFifo
                0x080031cc       0x24 Drivers\STM32F4xx_HAL_Driver\stm32f4xx_ll_usb.o
                0x080031cc                USB_FlushTxFifo
 .text.USB_FlushRxFifo
                0x080031f0       0x20 Drivers\STM32F4xx_HAL_Driver\stm32f4xx_ll_usb.o
                0x080031f0                USB_FlushRxFifo
 .text.USB_SetDevSpeed
                0x08003210        0xe Drivers\STM32F4xx_HAL_Driver\stm32f4xx_ll_usb.o
                0x08003210                USB_SetDevSpeed
 .text.USB_GetDevSpeed
                0x0800321e       0x36 Drivers\STM32F4xx_HAL_Driver\stm32f4xx_ll_usb.o
                0x0800321e                USB_GetDevSpeed
 .text.USB_ActivateEndpoint
                0x08003254       0x82 Drivers\STM32F4xx_HAL_Driver\stm32f4xx_ll_usb.o
                0x08003254                USB_ActivateEndpoint
 .text.USB_DeactivateEndpoint
                0x080032d6       0x6e Drivers\STM32F4xx_HAL_Driver\stm32f4xx_ll_usb.o
                0x080032d6                USB_DeactivateEndpoint
 .text.USB_EPStartXfer
                0x08003344      0x238 Drivers\STM32F4xx_HAL_Driver\stm32f4xx_ll_usb.o
                0x08003344                USB_EPStartXfer
 .text.USB_EP0StartXfer
                0x0800357c      0x154 Drivers\STM32F4xx_HAL_Driver\stm32f4xx_ll_usb.o
                0x0800357c                USB_EP0StartXfer
 .text.USB_WritePacket
                0x080036d0       0x28 Drivers\STM32F4xx_HAL_Driver\stm32f4xx_ll_usb.o
                0x080036d0                USB_WritePacket
 .text.USB_ReadPacket
                0x080036f8       0x1c Drivers\STM32F4xx_HAL_Driver\stm32f4xx_ll_usb.o
                0x080036f8                USB_ReadPacket
 .text.USB_EPSetStall
                0x08003714       0x64 Drivers\STM32F4xx_HAL_Driver\stm32f4xx_ll_usb.o
                0x08003714                USB_EPSetStall
 .text.USB_EPClearStall
                0x08003778       0x3c Drivers\STM32F4xx_HAL_Driver\stm32f4xx_ll_usb.o
                0x08003778                USB_EPClearStall
 .text.USB_StopDevice
                0x080037b4       0x42 Drivers\STM32F4xx_HAL_Driver\stm32f4xx_ll_usb.o
                0x080037b4                USB_StopDevice
 .text.USB_SetDevAddress
                0x080037f6       0x20 Drivers\STM32F4xx_HAL_Driver\stm32f4xx_ll_usb.o
                0x080037f6                USB_SetDevAddress
 .text.USB_DevConnect
                0x08003816       0x18 Drivers\STM32F4xx_HAL_Driver\stm32f4xx_ll_usb.o
                0x08003816                USB_DevConnect
 .text.USB_DevDisconnect
                0x0800382e       0x18 Drivers\STM32F4xx_HAL_Driver\stm32f4xx_ll_usb.o
                0x0800382e                USB_DevDisconnect
 .text.USB_ReadInterrupts
                0x08003846        0x8 Drivers\STM32F4xx_HAL_Driver\stm32f4xx_ll_usb.o
                0x08003846                USB_ReadInterrupts
 .text.USB_ReadDevAllOutEpInterrupt
                0x0800384e       0x10 Drivers\STM32F4xx_HAL_Driver\stm32f4xx_ll_usb.o
                0x0800384e                USB_ReadDevAllOutEpInterrupt
 .text.USB_ReadDevAllInEpInterrupt
                0x0800385e       0x10 Drivers\STM32F4xx_HAL_Driver\stm32f4xx_ll_usb.o
                0x0800385e                USB_ReadDevAllInEpInterrupt
 .text.USB_ReadDevOutEPInterrupt
                0x0800386e       0x14 Drivers\STM32F4xx_HAL_Driver\stm32f4xx_ll_usb.o
                0x0800386e                USB_ReadDevOutEPInterrupt
 .text.USB_ReadDevInEPInterrupt
                0x08003882       0x20 Drivers\STM32F4xx_HAL_Driver\stm32f4xx_ll_usb.o
                0x08003882                USB_ReadDevInEPInterrupt
 .text.USB_GetMode
                0x080038a2        0x8 Drivers\STM32F4xx_HAL_Driver\stm32f4xx_ll_usb.o
                0x080038a2                USB_GetMode
 .text.USB_ActivateSetup
                0x080038aa       0x36 Drivers\STM32F4xx_HAL_Driver\stm32f4xx_ll_usb.o
                0x080038aa                USB_ActivateSetup
 .text.USB_EP0_OutStart
                0x080038e0       0x46 Drivers\STM32F4xx_HAL_Driver\stm32f4xx_ll_usb.o
                0x080038e0                USB_EP0_OutStart
 *fill*         0x08003926        0x2 
 .text.USB_CoreReset
                0x08003928       0x30 Drivers\STM32F4xx_HAL_Driver\stm32f4xx_ll_usb.o
 .text.disk_status
                0x08003958       0x14 Middlewares\FatFs\diskio.o
                0x08003958                disk_status
 .text.disk_initialize
                0x0800396c       0x20 Middlewares\FatFs\diskio.o
                0x0800396c                disk_initialize
 .text.disk_read
                0x0800398c       0x1c Middlewares\FatFs\diskio.o
                0x0800398c                disk_read
 .text.disk_write
                0x080039a8       0x1c Middlewares\FatFs\diskio.o
                0x080039a8                disk_write
 .text.disk_ioctl
                0x080039c4       0x1c Middlewares\FatFs\diskio.o
                0x080039c4                disk_ioctl
 .text.mem_cpy  0x080039e0       0x14 Middlewares\FatFs\ff.o
 .text.mem_set  0x080039f4        0xe Middlewares\FatFs\ff.o
 .text.clmt_clust
                0x08003a02       0x28 Middlewares\FatFs\ff.o
 .text.sum_sfn  0x08003a2a       0x1e Middlewares\FatFs\ff.o
 .text.get_ldnumber
                0x08003a48       0x30 Middlewares\FatFs\ff.o
 .text.validate
                0x08003a78       0x2e Middlewares\FatFs\ff.o
 .text.ld_clust.isra.0
                0x08003aa6       0x1c Middlewares\FatFs\ff.o
 .text.sync_window.part.1
                0x08003ac2       0x52 Middlewares\FatFs\ff.o
 .text.sync_window
                0x08003b14        0xe Middlewares\FatFs\ff.o
 .text.sync_fs  0x08003b22       0xb6 Middlewares\FatFs\ff.o
 .text.move_window
                0x08003bd8       0x3a Middlewares\FatFs\ff.o
 *fill*         0x08003c12        0x2 
 .text.check_fs
                0x08003c14       0x58 Middlewares\FatFs\ff.o
 .text.find_volume
                0x08003c6c      0x28c Middlewares\FatFs\ff.o
 .text.clust2sect
                0x08003ef8       0x1c Middlewares\FatFs\ff.o
                0x08003ef8                clust2sect
 .text.get_fat  0x08003f14       0xc2 Middlewares\FatFs\ff.o
                0x08003f14                get_fat
 .text.dir_sdi  0x08003fd6       0x9c Middlewares\FatFs\ff.o
 .text.put_fat  0x08004072       0xec Middlewares\FatFs\ff.o
                0x08004072                put_fat
 .text.create_chain
                0x0800415e       0xb4 Middlewares\FatFs\ff.o
 .text.dir_next
                0x08004212      0x122 Middlewares\FatFs\ff.o
 .text.remove_chain
                0x08004334       0x64 Middlewares\FatFs\ff.o
 .text.f_mount  0x08004398       0x54 Middlewares\FatFs\ff.o
                0x08004398                f_mount
 .text.f_write  0x080043ec      0x1da Middlewares\FatFs\ff.o
                0x080043ec                f_write
 .text.f_sync   0x080045c6       0xca Middlewares\FatFs\ff.o
                0x080045c6                f_sync
 .text.f_close  0x08004690       0x18 Middlewares\FatFs\ff.o
                0x08004690                f_close
 .text.ff_convert
                0x080046a8       0x3c Middlewares\FatFs\ff.o
                0x080046a8                ff_convert
 .text.ff_wtoupper
                0x080046e4       0x24 Middlewares\FatFs\ff.o
                0x080046e4                ff_wtoupper
 .text.dir_find.part.9
                0x08004708      0x140 Middlewares\FatFs\ff.o
 .text.dir_register
                0x08004848      0x274 Middlewares\FatFs\ff.o
 .text.follow_path
                0x08004abc      0x2c8 Middlewares\FatFs\ff.o
 .text.f_chdir  0x08004d84       0x76 Middlewares\FatFs\ff.o
                0x08004d84                f_chdir
 .text.f_open   0x08004dfa      0x180 Middlewares\FatFs\ff.o
                0x08004dfa                f_open
 .text.f_mkdir  0x08004f7a      0x1fa Middlewares\FatFs\ff.o
                0x08004f7a                f_mkdir
 .text.FATFS_LinkDriverEx
                0x08005174       0x44 Middlewares\FatFs\ff_gen_drv.o
                0x08005174                FATFS_LinkDriverEx
 .text.FATFS_LinkDriver
                0x080051b8        0x6 Middlewares\FatFs\ff_gen_drv.o
                0x080051b8                FATFS_LinkDriver
 *fill*         0x080051be        0x2 
 .text.SD_initialize
                0x080051c0       0x20 Middlewares\FatFs\sd_diskio.o
                0x080051c0                SD_initialize
 .text.SD_status
                0x080051e0       0x20 Middlewares\FatFs\sd_diskio.o
                0x080051e0                SD_status
 .text.SD_read  0x08005200       0x20 Middlewares\FatFs\sd_diskio.o
                0x08005200                SD_read
 .text.SD_write
                0x08005220       0x20 Middlewares\FatFs\sd_diskio.o
                0x08005220                SD_write
 .text.SD_ioctl
                0x08005240       0x54 Middlewares\FatFs\sd_diskio.o
                0x08005240                SD_ioctl
 .text.ff_memalloc
                0x08005294        0x4 Middlewares\FatFs\syscall.o
                0x08005294                ff_memalloc
 .text.ff_memfree
                0x08005298        0x4 Middlewares\FatFs\syscall.o
                0x08005298                ff_memfree
 .text.USBD_Init
                0x0800529c       0x2a Middlewares\USB_Device_Library\usbd_core.o
                0x0800529c                USBD_Init
 .text.USBD_RegisterClass
                0x080052c6        0xe Middlewares\USB_Device_Library\usbd_core.o
                0x080052c6                USBD_RegisterClass
 .text.USBD_Start
                0x080052d4        0xa Middlewares\USB_Device_Library\usbd_core.o
                0x080052d4                USBD_Start
 .text.USBD_Stop
                0x080052de       0x18 Middlewares\USB_Device_Library\usbd_core.o
                0x080052de                USBD_Stop
 .text.USBD_SetClassConfig
                0x080052f6       0x16 Middlewares\USB_Device_Library\usbd_core.o
                0x080052f6                USBD_SetClassConfig
 .text.USBD_ClrClassConfig
                0x0800530c        0xe Middlewares\USB_Device_Library\usbd_core.o
                0x0800530c                USBD_ClrClassConfig
 .text.USBD_LL_SetupStage
                0x0800531a       0x5a Middlewares\USB_Device_Library\usbd_core.o
                0x0800531a                USBD_LL_SetupStage
 .text.USBD_LL_DataOutStage
                0x08005374       0x62 Middlewares\USB_Device_Library\usbd_core.o
                0x08005374                USBD_LL_DataOutStage
 .text.USBD_LL_DataInStage
                0x080053d6       0x9c Middlewares\USB_Device_Library\usbd_core.o
                0x080053d6                USBD_LL_DataInStage
 .text.USBD_LL_Reset
                0x08005472       0x3e Middlewares\USB_Device_Library\usbd_core.o
                0x08005472                USBD_LL_Reset
 .text.USBD_LL_SetSpeed
                0x080054b0        0x6 Middlewares\USB_Device_Library\usbd_core.o
                0x080054b0                USBD_LL_SetSpeed
 .text.USBD_LL_Suspend
                0x080054b6       0x12 Middlewares\USB_Device_Library\usbd_core.o
                0x080054b6                USBD_LL_Suspend
 .text.USBD_LL_Resume
                0x080054c8        0xc Middlewares\USB_Device_Library\usbd_core.o
                0x080054c8                USBD_LL_Resume
 .text.USBD_LL_SOF
                0x080054d4       0x18 Middlewares\USB_Device_Library\usbd_core.o
                0x080054d4                USBD_LL_SOF
 .text.USBD_LL_IsoINIncomplete
                0x080054ec        0x4 Middlewares\USB_Device_Library\usbd_core.o
                0x080054ec                USBD_LL_IsoINIncomplete
 .text.USBD_LL_IsoOUTIncomplete
                0x080054f0        0x4 Middlewares\USB_Device_Library\usbd_core.o
                0x080054f0                USBD_LL_IsoOUTIncomplete
 .text.USBD_LL_DevConnected
                0x080054f4        0x4 Middlewares\USB_Device_Library\usbd_core.o
                0x080054f4                USBD_LL_DevConnected
 .text.USBD_LL_DevDisconnected
                0x080054f8       0x16 Middlewares\USB_Device_Library\usbd_core.o
                0x080054f8                USBD_LL_DevDisconnected
 .text.USBD_ParseSetupRequest
                0x0800550e       0x28 Middlewares\USB_Device_Library\usbd_ctlreq.o
                0x0800550e                USBD_ParseSetupRequest
 .text.USBD_CtlError
                0x08005536       0x16 Middlewares\USB_Device_Library\usbd_ctlreq.o
                0x08005536                USBD_CtlError
 .text.USBD_StdDevReq
                0x0800554c      0x220 Middlewares\USB_Device_Library\usbd_ctlreq.o
                0x0800554c                USBD_StdDevReq
 .text.USBD_StdItfReq
                0x0800576c       0x30 Middlewares\USB_Device_Library\usbd_ctlreq.o
                0x0800576c                USBD_StdItfReq
 .text.USBD_StdEPReq
                0x0800579c       0xc6 Middlewares\USB_Device_Library\usbd_ctlreq.o
                0x0800579c                USBD_StdEPReq
 .text.USBD_GetString
                0x08005862       0x38 Middlewares\USB_Device_Library\usbd_ctlreq.o
                0x08005862                USBD_GetString
 .text.USBD_CtlSendData
                0x0800589a       0x1a Middlewares\USB_Device_Library\usbd_ioreq.o
                0x0800589a                USBD_CtlSendData
 .text.USBD_CtlContinueSendData
                0x080058b4       0x10 Middlewares\USB_Device_Library\usbd_ioreq.o
                0x080058b4                USBD_CtlContinueSendData
 .text.USBD_CtlContinueRx
                0x080058c4       0x10 Middlewares\USB_Device_Library\usbd_ioreq.o
                0x080058c4                USBD_CtlContinueRx
 .text.USBD_CtlSendStatus
                0x080058d4       0x16 Middlewares\USB_Device_Library\usbd_ioreq.o
                0x080058d4                USBD_CtlSendStatus
 .text.USBD_CtlReceiveStatus
                0x080058ea       0x16 Middlewares\USB_Device_Library\usbd_ioreq.o
                0x080058ea                USBD_CtlReceiveStatus
 .text.USBD_MSC_GetHSCfgDesc
                0x08005900        0xc Middlewares\USB_Device_Library\usbd_msc.o
                0x08005900                USBD_MSC_GetHSCfgDesc
 .text.USBD_MSC_GetFSCfgDesc
                0x0800590c        0xc Middlewares\USB_Device_Library\usbd_msc.o
                0x0800590c                USBD_MSC_GetFSCfgDesc
 .text.USBD_MSC_GetOtherSpeedCfgDesc
                0x08005918        0xc Middlewares\USB_Device_Library\usbd_msc.o
                0x08005918                USBD_MSC_GetOtherSpeedCfgDesc
 .text.USBD_MSC_GetDeviceQualifierDescriptor
                0x08005924        0xc Middlewares\USB_Device_Library\usbd_msc.o
                0x08005924                USBD_MSC_GetDeviceQualifierDescriptor
 .text.USBD_MSC_Init
                0x08005930       0x4c Middlewares\USB_Device_Library\usbd_msc.o
                0x08005930                USBD_MSC_Init
 .text.USBD_MSC_DeInit
                0x0800597c       0x2c Middlewares\USB_Device_Library\usbd_msc.o
                0x0800597c                USBD_MSC_DeInit
 .text.USBD_MSC_Setup
                0x080059a8       0xda Middlewares\USB_Device_Library\usbd_msc.o
                0x080059a8                USBD_MSC_Setup
 .text.USBD_MSC_DataIn
                0x08005a82        0xa Middlewares\USB_Device_Library\usbd_msc.o
                0x08005a82                USBD_MSC_DataIn
 .text.USBD_MSC_DataOut
                0x08005a8c        0xa Middlewares\USB_Device_Library\usbd_msc.o
                0x08005a8c                USBD_MSC_DataOut
 .text.USBD_MSC_RegisterStorage
                0x08005a96        0xa Middlewares\USB_Device_Library\usbd_msc.o
                0x08005a96                USBD_MSC_RegisterStorage
 .text.MSC_BOT_Abort
                0x08005aa0       0x40 Middlewares\USB_Device_Library\usbd_msc_bot.o
 .text.MSC_BOT_Init
                0x08005ae0       0x40 Middlewares\USB_Device_Library\usbd_msc_bot.o
                0x08005ae0                MSC_BOT_Init
 .text.MSC_BOT_Reset
                0x08005b20       0x16 Middlewares\USB_Device_Library\usbd_msc_bot.o
                0x08005b20                MSC_BOT_Reset
 .text.MSC_BOT_DeInit
                0x08005b36        0xa Middlewares\USB_Device_Library\usbd_msc_bot.o
                0x08005b36                MSC_BOT_DeInit
 .text.MSC_BOT_SendCSW
                0x08005b40       0x38 Middlewares\USB_Device_Library\usbd_msc_bot.o
                0x08005b40                MSC_BOT_SendCSW
 .text.MSC_BOT_DataIn
                0x08005b78       0x38 Middlewares\USB_Device_Library\usbd_msc_bot.o
                0x08005b78                MSC_BOT_DataIn
 .text.MSC_BOT_DataOut
                0x08005bb0       0xd8 Middlewares\USB_Device_Library\usbd_msc_bot.o
                0x08005bb0                MSC_BOT_DataOut
 .text.MSC_BOT_CplClrFeature
                0x08005c88       0x2c Middlewares\USB_Device_Library\usbd_msc_bot.o
                0x08005c88                MSC_BOT_CplClrFeature
 .text.SCSI_SenseCode
                0x08005cb4       0x2e Middlewares\USB_Device_Library\usbd_msc_scsi.o
                0x08005cb4                SCSI_SenseCode
 *fill*         0x08005ce2        0x2 
 .text.SCSI_ProcessCmd
                0x08005ce4      0x4a8 Middlewares\USB_Device_Library\usbd_msc_scsi.o
                0x08005ce4                SCSI_ProcessCmd
 .text.ControlNull
                0x0800618c       0x40 functions.o
                0x0800618c                ControlNull
 .text.seek     0x080061cc       0x40 functions.o
                0x080061cc                seek
 .text.resetBuffer
                0x0800620c       0x10 functions.o
                0x0800620c                resetBuffer
 .text.decoder  0x0800621c       0xac functions.o
                0x0800621c                decoder
 .text.controlPacketFile
                0x080062c8       0x40 functions.o
                0x080062c8                controlPacketFile
 .text.send_to_uart
                0x08006308       0x14 functions.o
                0x08006308                send_to_uart
 .text.UART3_Write_Text
                0x0800631c       0x16 functions.o
                0x0800631c                UART3_Write_Text
 *fill*         0x08006332        0x2 
 .text.UART2_Write_Text
                0x08006334       0x30 functions.o
                0x08006334                UART2_Write_Text
 .text.createDir
                0x08006364       0x90 functions.o
                0x08006364                createDir
 .text.createSubDir
                0x080063f4       0x90 functions.o
                0x080063f4                createSubDir
 .text.openFile
                0x08006484       0x50 functions.o
                0x08006484                openFile
 .text.Disk_Init
                0x080064d4       0x3c functions.o
                0x080064d4                Disk_Init
 .text.resetLeds
                0x08006510       0x3c functions.o
                0x08006510                resetLeds
 .text.controlPacketPath
                0x0800654c       0x20 functions.o
                0x0800654c                controlPacketPath
 .text.clearBuf
                0x0800656c       0x20 functions.o
                0x0800656c                clearBuf
 .text.readFilePacket
                0x0800658c       0x90 functions.o
                0x0800658c                readFilePacket
 .text.readFilePacketEnd
                0x0800661c       0xdc functions.o
                0x0800661c                readFilePacketEnd
 .text.readRXbuffer
                0x080066f8       0x2c functions.o
                0x080066f8                readRXbuffer
 .text.control_in_buf
                0x08006724       0x5c functions.o
                0x08006724                control_in_buf
 .text.createPath
                0x08006780       0x3c functions.o
                0x08006780                createPath
 .text.stateMashin
                0x080067bc       0x6c functions.o
                0x080067bc                stateMashin
 .text.InitStateMashine
                0x08006828        0xc functions.o
                0x08006828                InitStateMashine
 .text.__libc_init_array
                0x08006834       0x4c c:/program files (x86)/atollic/truestudio for arm 7.1.2/armtools/bin/../lib/gcc/arm-atollic-eabi/5.3.1/../../../../arm-atollic-eabi/lib/armv7e-m/fpu\libc_nano.a(lib_a-init.o)
                0x08006834                __libc_init_array
 .text.malloc   0x08006880       0x10 c:/program files (x86)/atollic/truestudio for arm 7.1.2/armtools/bin/../lib/gcc/arm-atollic-eabi/5.3.1/../../../../arm-atollic-eabi/lib/armv7e-m/fpu\libc_nano.a(lib_a-malloc.o)
                0x08006880                malloc
 .text.free     0x08006890       0x10 c:/program files (x86)/atollic/truestudio for arm 7.1.2/armtools/bin/../lib/gcc/arm-atollic-eabi/5.3.1/../../../../arm-atollic-eabi/lib/armv7e-m/fpu\libc_nano.a(lib_a-malloc.o)
                0x08006890                free
 .text._free_r  0x080068a0       0x9c c:/program files (x86)/atollic/truestudio for arm 7.1.2/armtools/bin/../lib/gcc/arm-atollic-eabi/5.3.1/../../../../arm-atollic-eabi/lib/armv7e-m/fpu\libc_nano.a(lib_a-nano-freer.o)
                0x080068a0                _free_r
 .text._malloc_r
                0x0800693c       0xbc c:/program files (x86)/atollic/truestudio for arm 7.1.2/armtools/bin/../lib/gcc/arm-atollic-eabi/5.3.1/../../../../arm-atollic-eabi/lib/armv7e-m/fpu\libc_nano.a(lib_a-nano-mallocr.o)
                0x0800693c                _malloc_r
 .text._sbrk_r  0x080069f8       0x20 c:/program files (x86)/atollic/truestudio for arm 7.1.2/armtools/bin/../lib/gcc/arm-atollic-eabi/5.3.1/../../../../arm-atollic-eabi/lib/armv7e-m/fpu\libc_nano.a(lib_a-sbrkr.o)
                0x080069f8                _sbrk_r
 .text.strstr   0x08006a18       0x34 c:/program files (x86)/atollic/truestudio for arm 7.1.2/armtools/bin/../lib/gcc/arm-atollic-eabi/5.3.1/../../../../arm-atollic-eabi/lib/armv7e-m/fpu\libc_nano.a(lib_a-strstr.o)
                0x08006a18                strstr
 .text.__malloc_lock
                0x08006a4c        0x2 c:/program files (x86)/atollic/truestudio for arm 7.1.2/armtools/bin/../lib/gcc/arm-atollic-eabi/5.3.1/../../../../arm-atollic-eabi/lib/armv7e-m/fpu\libc_nano.a(lib_a-mlock.o)
                0x08006a4c                __malloc_lock
 .text.__malloc_unlock
                0x08006a4e        0x2 c:/program files (x86)/atollic/truestudio for arm 7.1.2/armtools/bin/../lib/gcc/arm-atollic-eabi/5.3.1/../../../../arm-atollic-eabi/lib/armv7e-m/fpu\libc_nano.a(lib_a-mlock.o)
                0x08006a4e                __malloc_unlock
 .text._sbrk    0x08006a50       0x1c c:/program files (x86)/atollic/truestudio for arm 7.1.2/armtools/bin/../lib/gcc/arm-atollic-eabi/5.3.1/../../../../arm-atollic-eabi/lib/armv7e-m/fpu\libnosys.a(sbrk.o)
                0x08006a50                _sbrk
 *(.glue_7)
 .glue_7        0x08006a6c        0x0 linker stubs
 *(.glue_7t)
 .glue_7t       0x08006a6c        0x0 linker stubs
 *(.eh_frame)
 .eh_frame      0x08006a6c        0x0 c:/program files (x86)/atollic/truestudio for arm 7.1.2/armtools/bin/../lib/gcc/arm-atollic-eabi/5.3.1/armv7e-m/fpu/crtbegin.o
 *(.init)
 .init          0x08006a6c        0x4 c:/program files (x86)/atollic/truestudio for arm 7.1.2/armtools/bin/../lib/gcc/arm-atollic-eabi/5.3.1/armv7e-m/fpu/crti.o
                0x08006a6c                _init
 .init          0x08006a70        0x8 c:/program files (x86)/atollic/truestudio for arm 7.1.2/armtools/bin/../lib/gcc/arm-atollic-eabi/5.3.1/armv7e-m/fpu/crtn.o
 *(.fini)
 .fini          0x08006a78        0x4 c:/program files (x86)/atollic/truestudio for arm 7.1.2/armtools/bin/../lib/gcc/arm-atollic-eabi/5.3.1/armv7e-m/fpu/crti.o
                0x08006a78                _fini
 .fini          0x08006a7c        0x8 c:/program files (x86)/atollic/truestudio for arm 7.1.2/armtools/bin/../lib/gcc/arm-atollic-eabi/5.3.1/armv7e-m/fpu/crtn.o
                0x08006a84                . = ALIGN (0x4)
                0x08006a84                _etext = .

.vfp11_veneer   0x08006a84        0x0
 .vfp11_veneer  0x08006a84        0x0 linker stubs

.v4_bx          0x08006a84        0x0
 .v4_bx         0x08006a84        0x0 linker stubs

.iplt           0x08006a84        0x0
 .iplt          0x08006a84        0x0 c:/program files (x86)/atollic/truestudio for arm 7.1.2/armtools/bin/../lib/gcc/arm-atollic-eabi/5.3.1/armv7e-m/fpu/crtbegin.o

.rodata         0x08006a84      0x70c
                0x08006a84                . = ALIGN (0x4)
 *(.rodata)
 *(.rodata*)
 .rodata.str1.1
                0x08006a84       0x4c Application\User\usbd_desc.o
 .rodata.STORAGE_Inquirydata_FS
                0x08006ad0       0x24 Application\User\usbd_storage_if.o
                0x08006ad0                STORAGE_Inquirydata_FS
 .rodata.APBAHBPrescTable
                0x08006af4       0x10 Drivers\STM32F4xx_HAL_Driver\stm32f4xx_hal_rcc.o
                0x08006af4                APBAHBPrescTable
 .rodata.tbl_lower.8633
                0x08006b04      0x1e0 Middlewares\FatFs\ff.o
 .rodata.str1.1
                0x08006ce4       0x44 Middlewares\FatFs\ff.o
 .rodata.tbl_upper.8634
                0x08006d28      0x1e0 Middlewares\FatFs\ff.o
 .rodata.ExCvt  0x08006f08       0x80 Middlewares\FatFs\ff.o
 .rodata.LfnOfs
                0x08006f88        0xd Middlewares\FatFs\ff.o
 *fill*         0x08006f95        0x1 
 .rodata.Tbl    0x08006f96      0x100 Middlewares\FatFs\ff.o
 *fill*         0x08007096        0x2 
 .rodata.SD_Driver
                0x08007098       0x14 Middlewares\FatFs\sd_diskio.o
                0x08007098                SD_Driver
 .rodata.MSC_Page00_Inquiry_Data
                0x080070ac        0x7 Middlewares\USB_Device_Library\usbd_msc_data.o
                0x080070ac                MSC_Page00_Inquiry_Data
 .rodata.MSC_Mode_Sense10_data
                0x080070b3        0x8 Middlewares\USB_Device_Library\usbd_msc_data.o
                0x080070b3                MSC_Mode_Sense10_data
 .rodata.MSC_Mode_Sense6_data
                0x080070bb        0x8 Middlewares\USB_Device_Library\usbd_msc_data.o
                0x080070bb                MSC_Mode_Sense6_data
 .rodata.str1.1
                0x080070c3       0xc9 functions.o
                                 0xe0 (size before relaxing)
 .rodata.str1.1
                0x0800718c        0x2 c:/program files (x86)/atollic/truestudio for arm 7.1.2/armtools/bin/../lib/gcc/arm-atollic-eabi/5.3.1/../../../../arm-atollic-eabi/lib/armv7e-m/fpu\libc_nano.a(lib_a-impure.o)
                0x08007190                . = ALIGN (0x4)
 *fill*         0x0800718e        0x2 

.rel.dyn        0x08007190        0x0
 .rel.iplt      0x08007190        0x0 c:/program files (x86)/atollic/truestudio for arm 7.1.2/armtools/bin/../lib/gcc/arm-atollic-eabi/5.3.1/armv7e-m/fpu/crtbegin.o

.ARM.extab
 *(.ARM.extab* .gnu.linkonce.armextab.*)

.ARM            0x08007190        0x0
                0x08007190                __exidx_start = .
 *(.ARM.exidx*)
                0x08007190                __exidx_end = .

.preinit_array  0x08007190        0x0
                0x08007190                PROVIDE (__preinit_array_start, .)
 *(.preinit_array*)
                0x08007190                PROVIDE (__preinit_array_end, .)

.init_array     0x08007190        0x4
                0x08007190                PROVIDE (__init_array_start, .)
 *(SORT(.init_array.*))
 *(.init_array*)
 .init_array    0x08007190        0x4 c:/program files (x86)/atollic/truestudio for arm 7.1.2/armtools/bin/../lib/gcc/arm-atollic-eabi/5.3.1/armv7e-m/fpu/crtbegin.o
                0x08007194                PROVIDE (__init_array_end, .)

.fini_array     0x08007194        0x4
                [!provide]                PROVIDE (__fini_array_start, .)
 *(SORT(.fini_array.*))
 *(.fini_array*)
 .fini_array    0x08007194        0x4 c:/program files (x86)/atollic/truestudio for arm 7.1.2/armtools/bin/../lib/gcc/arm-atollic-eabi/5.3.1/armv7e-m/fpu/crtbegin.o
                [!provide]                PROVIDE (__fini_array_end, .)
                0x08007198                _sidata = LOADADDR (.data)

.data           0x20000000      0x168 load address 0x08007198
                0x20000000                . = ALIGN (0x4)
                0x20000000                _sdata = .
 *(.data)
 *(.data*)
 .data.FS_Desc  0x20000000       0x1c Application\User\usbd_desc.o
                0x20000000                FS_Desc
 .data.USBD_LangIDDesc
                0x2000001c        0x4 Application\User\usbd_desc.o
                0x2000001c                USBD_LangIDDesc
 .data.USBD_FS_DeviceDesc
                0x20000020       0x12 Application\User\usbd_desc.o
                0x20000020                USBD_FS_DeviceDesc
 *fill*         0x20000032        0x2 
 .data.USBD_Storage_Interface_fops_FS
                0x20000034       0x20 Application\User\usbd_storage_if.o
                0x20000034                USBD_Storage_Interface_fops_FS
 .data.SystemCoreClock
                0x20000054        0x4 Drivers\CMSIS\system_stm32f4xx.o
                0x20000054                SystemCoreClock
 .data.Stat     0x20000058        0x1 Middlewares\FatFs\sd_diskio.o
 *fill*         0x20000059        0x3 
 .data.USBD_MSC_OtherSpeedCfgDesc
                0x2000005c       0x20 Middlewares\USB_Device_Library\usbd_msc.o
                0x2000005c                USBD_MSC_OtherSpeedCfgDesc
 .data.USBD_MSC_DeviceQualifierDesc
                0x2000007c        0xa Middlewares\USB_Device_Library\usbd_msc.o
                0x2000007c                USBD_MSC_DeviceQualifierDesc
 *fill*         0x20000086        0x2 
 .data.USBD_MSC_CfgHSDesc
                0x20000088       0x20 Middlewares\USB_Device_Library\usbd_msc.o
                0x20000088                USBD_MSC_CfgHSDesc
 .data.USBD_MSC
                0x200000a8       0x3c Middlewares\USB_Device_Library\usbd_msc.o
                0x200000a8                USBD_MSC
 .data.USBD_MSC_CfgFSDesc
                0x200000e4       0x20 Middlewares\USB_Device_Library\usbd_msc.o
                0x200000e4                USBD_MSC_CfgFSDesc
 .data.impure_data
                0x20000104       0x60 c:/program files (x86)/atollic/truestudio for arm 7.1.2/armtools/bin/../lib/gcc/arm-atollic-eabi/5.3.1/../../../../arm-atollic-eabi/lib/armv7e-m/fpu\libc_nano.a(lib_a-impure.o)
 .data._impure_ptr
                0x20000164        0x4 c:/program files (x86)/atollic/truestudio for arm 7.1.2/armtools/bin/../lib/gcc/arm-atollic-eabi/5.3.1/../../../../arm-atollic-eabi/lib/armv7e-m/fpu\libc_nano.a(lib_a-impure.o)
                0x20000164                _impure_ptr
                0x20000168                . = ALIGN (0x4)
                0x20000168                _edata = .
                0x08007300                _siccmram = LOADADDR (.ccmram)

.igot.plt       0x20000168        0x0 load address 0x08007300
 .igot.plt      0x20000168        0x0 c:/program files (x86)/atollic/truestudio for arm 7.1.2/armtools/bin/../lib/gcc/arm-atollic-eabi/5.3.1/armv7e-m/fpu/crtbegin.o

.ccmram         0x10000000        0x0 load address 0x08007300
                0x10000000                . = ALIGN (0x4)
                0x10000000                _sccmram = .
 *(.ccmram)
 *(.ccmram*)
                0x10000000                . = ALIGN (0x4)
                0x10000000                _eccmram = .
                0x10000000                . = ALIGN (0x4)

.bss            0x20000168     0x1ac0
                0x20000168                _sbss = .
                0x20000168                __bss_start__ = _sbss
 *(.bss)
 .bss           0x20000168       0x1c c:/program files (x86)/atollic/truestudio for arm 7.1.2/armtools/bin/../lib/gcc/arm-atollic-eabi/5.3.1/armv7e-m/fpu/crtbegin.o
 *(.bss*)
 .bss.Fsid      0x20000184        0x2 Middlewares\FatFs\ff.o
 *fill*         0x20000186        0x2 
 .bss.FatFs     0x20000188        0x4 Middlewares\FatFs\ff.o
 .bss.disk      0x2000018c        0xc Middlewares\FatFs\ff_gen_drv.o
                0x2000018c                disk
 .bss.cfgidx.8611
                0x20000198        0x1 Middlewares\USB_Device_Library\usbd_ctlreq.o
 .bss.size_b.8829
                0x20000199        0x1 functions.o
 .bss.count.8811
                0x2000019a        0x1 functions.o
 *fill*         0x2000019b        0x1 
 .bss.count_buf
                0x2000019c        0x4 functions.o
 .bss.__malloc_sbrk_start
                0x200001a0        0x4 c:/program files (x86)/atollic/truestudio for arm 7.1.2/armtools/bin/../lib/gcc/arm-atollic-eabi/5.3.1/../../../../arm-atollic-eabi/lib/armv7e-m/fpu\libc_nano.a(lib_a-nano-mallocr.o)
                0x200001a0                __malloc_sbrk_start
 .bss.__malloc_free_list
                0x200001a4        0x4 c:/program files (x86)/atollic/truestudio for arm 7.1.2/armtools/bin/../lib/gcc/arm-atollic-eabi/5.3.1/../../../../arm-atollic-eabi/lib/armv7e-m/fpu\libc_nano.a(lib_a-nano-mallocr.o)
                0x200001a4                __malloc_free_list
 .bss.heap_end.4169
                0x200001a8        0x4 c:/program files (x86)/atollic/truestudio for arm 7.1.2/armtools/bin/../lib/gcc/arm-atollic-eabi/5.3.1/../../../../arm-atollic-eabi/lib/armv7e-m/fpu\libnosys.a(sbrk.o)
 *(COMMON)
 COMMON         0x200001ac        0x5 Application\User\fatfs.o
                0x200001ac                retSD
                0x200001ad                SD_Path
 *fill*         0x200001b1        0x7 
 COMMON         0x200001b8      0x138 Application\User\main.o
                0x200001b8                huart3
                0x200001f8                SDCardInfo
                0x20000250                hsd
                0x200002b0                huart2
 COMMON         0x200002f0      0x224 Application\User\usb_device.o
                0x200002f0                hUsbDeviceFS
 COMMON         0x20000514      0x3b8 Application\User\usbd_conf.o
                0x20000514                hpcd_USB_OTG_FS
 COMMON         0x200008cc      0x200 Application\User\usbd_desc.o
                0x200008cc                USBD_StrDesc
 COMMON         0x20000acc        0x4 Drivers\STM32F4xx_HAL_Driver\stm32f4xx_hal.o
                0x20000acc                uwTick
 COMMON         0x20000ad0     0x1152 functions.o
                0x20000ad0                writeBuffer
                0x20000ee8                fdst
                0x20001110                DirName
                0x20001130                br
                0x20001134                fsrc
                0x2000135c                Buf
                0x20001774                SDPath
                0x20001778                state_t
                0x2000177c                SDFatFs
                0x200019b0                path_state_t
                0x200019b4                SubDirName
                0x200019d4                bw
                0x200019d8                MyFile
                0x20001c00                fileRes
                0x20001c01                UART_Data
                0x20001c02                res
                0x20001c03                recieve
                0x20001c04                FileName
 *fill*         0x20001c22        0x2 
 COMMON         0x20001c24        0x4 c:/program files (x86)/atollic/truestudio for arm 7.1.2/armtools/bin/../lib/gcc/arm-atollic-eabi/5.3.1/../../../../arm-atollic-eabi/lib/armv7e-m/fpu\libc_nano.a(lib_a-reent.o)
                0x20001c24                errno
                0x20001c28                . = ALIGN (0x4)
                0x20001c28                _ebss = .
                0x20001c28                __bss_end__ = _ebss

._user_heap_stack
                0x20001c28      0x600
                0x20001c28                . = ALIGN (0x4)
                0x20001c28                PROVIDE (end, .)
                [!provide]                PROVIDE (_end, .)
                0x20001e28                . = (. + _Min_Heap_Size)
 *fill*         0x20001c28      0x200 
                0x20002228                . = (. + _Min_Stack_Size)
 *fill*         0x20001e28      0x400 
                0x20002228                . = ALIGN (0x4)

/DISCARD/
 libc.a(*)
 libm.a(*)
 libgcc.a(*)

.ARM.attributes
                0x00000000       0x30
 *(.ARM.attributes)
 .ARM.attributes
                0x00000000       0x22 c:/program files (x86)/atollic/truestudio for arm 7.1.2/armtools/bin/../lib/gcc/arm-atollic-eabi/5.3.1/armv7e-m/fpu/crti.o
 .ARM.attributes
                0x00000022       0x34 c:/program files (x86)/atollic/truestudio for arm 7.1.2/armtools/bin/../lib/gcc/arm-atollic-eabi/5.3.1/armv7e-m/fpu/crtbegin.o
 .ARM.attributes
                0x00000056       0x21 Application\TrueSTUDIO\startup_stm32f407xx.o
 .ARM.attributes
                0x00000077       0x39 Application\User\bsp_driver_sd.o
 .ARM.attributes
                0x000000b0       0x39 Application\User\fatfs.o
 .ARM.attributes
                0x000000e9       0x39 Application\User\main.o
 .ARM.attributes
                0x00000122       0x39 Application\User\stm32f4xx_hal_msp.o
 .ARM.attributes
                0x0000015b       0x39 Application\User\stm32f4xx_it.o
 .ARM.attributes
                0x00000194       0x39 Application\User\usb_device.o
 .ARM.attributes
                0x000001cd       0x39 Application\User\usbd_conf.o
 .ARM.attributes
                0x00000206       0x39 Application\User\usbd_desc.o
 .ARM.attributes
                0x0000023f       0x39 Application\User\usbd_storage_if.o
 .ARM.attributes
                0x00000278       0x39 Drivers\CMSIS\system_stm32f4xx.o
 .ARM.attributes
                0x000002b1       0x39 Drivers\STM32F4xx_HAL_Driver\stm32f4xx_hal.o
 .ARM.attributes
                0x000002ea       0x39 Drivers\STM32F4xx_HAL_Driver\stm32f4xx_hal_cortex.o
 .ARM.attributes
                0x00000323       0x39 Drivers\STM32F4xx_HAL_Driver\stm32f4xx_hal_dma.o
 .ARM.attributes
                0x0000035c       0x39 Drivers\STM32F4xx_HAL_Driver\stm32f4xx_hal_gpio.o
 .ARM.attributes
                0x00000395       0x39 Drivers\STM32F4xx_HAL_Driver\stm32f4xx_hal_pcd.o
 .ARM.attributes
                0x000003ce       0x39 Drivers\STM32F4xx_HAL_Driver\stm32f4xx_hal_pcd_ex.o
 .ARM.attributes
                0x00000407       0x39 Drivers\STM32F4xx_HAL_Driver\stm32f4xx_hal_rcc.o
 .ARM.attributes
                0x00000440       0x39 Drivers\STM32F4xx_HAL_Driver\stm32f4xx_hal_sd.o
 .ARM.attributes
                0x00000479       0x39 Drivers\STM32F4xx_HAL_Driver\stm32f4xx_hal_uart.o
 .ARM.attributes
                0x000004b2       0x39 Drivers\STM32F4xx_HAL_Driver\stm32f4xx_ll_sdmmc.o
 .ARM.attributes
                0x000004eb       0x39 Drivers\STM32F4xx_HAL_Driver\stm32f4xx_ll_usb.o
 .ARM.attributes
                0x00000524       0x39 Middlewares\FatFs\diskio.o
 .ARM.attributes
                0x0000055d       0x39 Middlewares\FatFs\ff.o
 .ARM.attributes
                0x00000596       0x39 Middlewares\FatFs\ff_gen_drv.o
 .ARM.attributes
                0x000005cf       0x39 Middlewares\FatFs\sd_diskio.o
 .ARM.attributes
                0x00000608       0x39 Middlewares\FatFs\syscall.o
 .ARM.attributes
                0x00000641       0x39 Middlewares\USB_Device_Library\usbd_core.o
 .ARM.attributes
                0x0000067a       0x39 Middlewares\USB_Device_Library\usbd_ctlreq.o
 .ARM.attributes
                0x000006b3       0x39 Middlewares\USB_Device_Library\usbd_ioreq.o
 .ARM.attributes
                0x000006ec       0x39 Middlewares\USB_Device_Library\usbd_msc.o
 .ARM.attributes
                0x00000725       0x39 Middlewares\USB_Device_Library\usbd_msc_bot.o
 .ARM.attributes
                0x0000075e       0x39 Middlewares\USB_Device_Library\usbd_msc_data.o
 .ARM.attributes
                0x00000797       0x39 Middlewares\USB_Device_Library\usbd_msc_scsi.o
 .ARM.attributes
                0x000007d0       0x39 functions.o
 .ARM.attributes
                0x00000809       0x34 c:/program files (x86)/atollic/truestudio for arm 7.1.2/armtools/bin/../lib/gcc/arm-atollic-eabi/5.3.1/../../../../arm-atollic-eabi/lib/armv7e-m/fpu\libc_nano.a(lib_a-init.o)
 .ARM.attributes
                0x0000083d       0x34 c:/program files (x86)/atollic/truestudio for arm 7.1.2/armtools/bin/../lib/gcc/arm-atollic-eabi/5.3.1/../../../../arm-atollic-eabi/lib/armv7e-m/fpu\libc_nano.a(lib_a-malloc.o)
 .ARM.attributes
                0x00000871       0x34 c:/program files (x86)/atollic/truestudio for arm 7.1.2/armtools/bin/../lib/gcc/arm-atollic-eabi/5.3.1/../../../../arm-atollic-eabi/lib/armv7e-m/fpu\libc_nano.a(lib_a-nano-freer.o)
 .ARM.attributes
                0x000008a5       0x34 c:/program files (x86)/atollic/truestudio for arm 7.1.2/armtools/bin/../lib/gcc/arm-atollic-eabi/5.3.1/../../../../arm-atollic-eabi/lib/armv7e-m/fpu\libc_nano.a(lib_a-nano-mallocr.o)
 .ARM.attributes
                0x000008d9       0x34 c:/program files (x86)/atollic/truestudio for arm 7.1.2/armtools/bin/../lib/gcc/arm-atollic-eabi/5.3.1/../../../../arm-atollic-eabi/lib/armv7e-m/fpu\libc_nano.a(lib_a-sbrkr.o)
 .ARM.attributes
                0x0000090d       0x34 c:/program files (x86)/atollic/truestudio for arm 7.1.2/armtools/bin/../lib/gcc/arm-atollic-eabi/5.3.1/../../../../arm-atollic-eabi/lib/armv7e-m/fpu\libc_nano.a(lib_a-strstr.o)
 .ARM.attributes
                0x00000941       0x34 c:/program files (x86)/atollic/truestudio for arm 7.1.2/armtools/bin/../lib/gcc/arm-atollic-eabi/5.3.1/../../../../arm-atollic-eabi/lib/armv7e-m/fpu\libc_nano.a(lib_a-impure.o)
 .ARM.attributes
                0x00000975       0x34 c:/program files (x86)/atollic/truestudio for arm 7.1.2/armtools/bin/../lib/gcc/arm-atollic-eabi/5.3.1/../../../../arm-atollic-eabi/lib/armv7e-m/fpu\libc_nano.a(lib_a-mlock.o)
 .ARM.attributes
                0x000009a9       0x34 c:/program files (x86)/atollic/truestudio for arm 7.1.2/armtools/bin/../lib/gcc/arm-atollic-eabi/5.3.1/../../../../arm-atollic-eabi/lib/armv7e-m/fpu\libc_nano.a(lib_a-reent.o)
 .ARM.attributes
                0x000009dd       0x34 c:/program files (x86)/atollic/truestudio for arm 7.1.2/armtools/bin/../lib/gcc/arm-atollic-eabi/5.3.1/../../../../arm-atollic-eabi/lib/armv7e-m/fpu\libnosys.a(sbrk.o)
 .ARM.attributes
                0x00000a11       0x22 c:/program files (x86)/atollic/truestudio for arm 7.1.2/armtools/bin/../lib/gcc/arm-atollic-eabi/5.3.1/armv7e-m/fpu/crtn.o
OUTPUT(USB_OTG_MX.elf elf32-littlearm)

.debug_line     0x00000000     0x9321
 .debug_line    0x00000000       0xb4 Application\TrueSTUDIO\startup_stm32f407xx.o
 .debug_line    0x000000b4      0x333 Application\User\bsp_driver_sd.o
 .debug_line    0x000003e7      0x1f9 Application\User\fatfs.o
 .debug_line    0x000005e0      0x3ff Application\User\main.o
 .debug_line    0x000009df      0x32d Application\User\stm32f4xx_hal_msp.o
 .debug_line    0x00000d0c      0x2a0 Application\User\stm32f4xx_it.o
 .debug_line    0x00000fac      0x232 Application\User\usb_device.o
 .debug_line    0x000011de      0x4fd Application\User\usbd_conf.o
 .debug_line    0x000016db      0x21e Application\User\usbd_desc.o
 .debug_line    0x000018f9      0x31c Application\User\usbd_storage_if.o
 .debug_line    0x00001c15      0x204 Drivers\CMSIS\system_stm32f4xx.o
 .debug_line    0x00001e19      0x3c3 Drivers\STM32F4xx_HAL_Driver\stm32f4xx_hal.o
 .debug_line    0x000021dc      0x40a Drivers\STM32F4xx_HAL_Driver\stm32f4xx_hal_cortex.o
 .debug_line    0x000025e6      0x551 Drivers\STM32F4xx_HAL_Driver\stm32f4xx_hal_dma.o
 .debug_line    0x00002b37      0x3e2 Drivers\STM32F4xx_HAL_Driver\stm32f4xx_hal_gpio.o
 .debug_line    0x00002f19      0x6ee Drivers\STM32F4xx_HAL_Driver\stm32f4xx_hal_pcd.o
 .debug_line    0x00003607      0x25c Drivers\STM32F4xx_HAL_Driver\stm32f4xx_hal_pcd_ex.o
 .debug_line    0x00003863      0x586 Drivers\STM32F4xx_HAL_Driver\stm32f4xx_hal_rcc.o
 .debug_line    0x00003de9      0xaf0 Drivers\STM32F4xx_HAL_Driver\stm32f4xx_hal_sd.o
 .debug_line    0x000048d9      0x9d2 Drivers\STM32F4xx_HAL_Driver\stm32f4xx_hal_uart.o
 .debug_line    0x000052ab      0x308 Drivers\STM32F4xx_HAL_Driver\stm32f4xx_ll_sdmmc.o
 .debug_line    0x000055b3      0x81a Drivers\STM32F4xx_HAL_Driver\stm32f4xx_ll_usb.o
 .debug_line    0x00005dcd      0x1fb Middlewares\FatFs\diskio.o
 .debug_line    0x00005fc8     0x115e Middlewares\FatFs\ff.o
 .debug_line    0x00007126      0x202 Middlewares\FatFs\ff_gen_drv.o
 .debug_line    0x00007328      0x29c Middlewares\FatFs\sd_diskio.o
 .debug_line    0x000075c4      0x234 Middlewares\FatFs\syscall.o
 .debug_line    0x000077f8      0x3ad Middlewares\USB_Device_Library\usbd_core.o
 .debug_line    0x00007ba5      0x2f1 Middlewares\USB_Device_Library\usbd_ctlreq.o
 .debug_line    0x00007e96      0x256 Middlewares\USB_Device_Library\usbd_ioreq.o
 .debug_line    0x000080ec      0x3c7 Middlewares\USB_Device_Library\usbd_msc.o
 .debug_line    0x000084b3      0x346 Middlewares\USB_Device_Library\usbd_msc_bot.o
 .debug_line    0x000087f9      0x17d Middlewares\USB_Device_Library\usbd_msc_data.o
 .debug_line    0x00008976      0x394 Middlewares\USB_Device_Library\usbd_msc_scsi.o
 .debug_line    0x00008d0a      0x617 functions.o

.debug_info     0x00000000    0x1d789
 .debug_info    0x00000000       0xdf Application\TrueSTUDIO\startup_stm32f407xx.o
 .debug_info    0x000000df      0xebb Application\User\bsp_driver_sd.o
 .debug_info    0x00000f9a      0x29b Application\User\fatfs.o
 .debug_info    0x00001235     0x155a Application\User\main.o
 .debug_info    0x0000278f      0xfad Application\User\stm32f4xx_hal_msp.o
 .debug_info    0x0000373c      0x9b4 Application\User\stm32f4xx_it.o
 .debug_info    0x000040f0      0x695 Application\User\usb_device.o
 .debug_info    0x00004785     0x18fd Application\User\usbd_conf.o
 .debug_info    0x00006082      0x50a Application\User\usbd_desc.o
 .debug_info    0x0000658c      0xbf9 Application\User\usbd_storage_if.o
 .debug_info    0x00007185      0x4d6 Drivers\CMSIS\system_stm32f4xx.o
 .debug_info    0x0000765b      0x8dc Drivers\STM32F4xx_HAL_Driver\stm32f4xx_hal.o
 .debug_info    0x00007f37      0xe7b Drivers\STM32F4xx_HAL_Driver\stm32f4xx_hal_cortex.o
 .debug_info    0x00008db2      0xa28 Drivers\STM32F4xx_HAL_Driver\stm32f4xx_hal_dma.o
 .debug_info    0x000097da      0x72d Drivers\STM32F4xx_HAL_Driver\stm32f4xx_hal_gpio.o
 .debug_info    0x00009f07     0x12b1 Drivers\STM32F4xx_HAL_Driver\stm32f4xx_hal_pcd.o
 .debug_info    0x0000b1b8      0x570 Drivers\STM32F4xx_HAL_Driver\stm32f4xx_hal_pcd_ex.o
 .debug_info    0x0000b728      0xc93 Drivers\STM32F4xx_HAL_Driver\stm32f4xx_hal_rcc.o
 .debug_info    0x0000c3bb     0x2810 Drivers\STM32F4xx_HAL_Driver\stm32f4xx_hal_sd.o
 .debug_info    0x0000ebcb     0x128c Drivers\STM32F4xx_HAL_Driver\stm32f4xx_hal_uart.o
 .debug_info    0x0000fe57      0x5f2 Drivers\STM32F4xx_HAL_Driver\stm32f4xx_ll_sdmmc.o
 .debug_info    0x00010449     0x16f6 Drivers\STM32F4xx_HAL_Driver\stm32f4xx_ll_usb.o
 .debug_info    0x00011b3f      0x44e Middlewares\FatFs\diskio.o
 .debug_info    0x00011f8d     0x3d84 Middlewares\FatFs\ff.o
 .debug_info    0x00015d11      0x4af Middlewares\FatFs\ff_gen_drv.o
 .debug_info    0x000161c0      0x7b8 Middlewares\FatFs\sd_diskio.o
 .debug_info    0x00016978      0x13b Middlewares\FatFs\syscall.o
 .debug_info    0x00016ab3      0xc04 Middlewares\USB_Device_Library\usbd_core.o
 .debug_info    0x000176b7      0xc08 Middlewares\USB_Device_Library\usbd_ctlreq.o
 .debug_info    0x000182bf      0x78c Middlewares\USB_Device_Library\usbd_ioreq.o
 .debug_info    0x00018a4b      0xcef Middlewares\USB_Device_Library\usbd_msc.o
 .debug_info    0x0001973a      0xd0a Middlewares\USB_Device_Library\usbd_msc_bot.o
 .debug_info    0x0001a444      0x133 Middlewares\USB_Device_Library\usbd_msc_data.o
 .debug_info    0x0001a577     0x12fd Middlewares\USB_Device_Library\usbd_msc_scsi.o
 .debug_info    0x0001b874     0x1f15 functions.o

.debug_abbrev   0x00000000     0x4cf8
 .debug_abbrev  0x00000000       0x12 Application\TrueSTUDIO\startup_stm32f407xx.o
 .debug_abbrev  0x00000012      0x2c1 Application\User\bsp_driver_sd.o
 .debug_abbrev  0x000002d3      0x13c Application\User\fatfs.o
 .debug_abbrev  0x0000040f      0x281 Application\User\main.o
 .debug_abbrev  0x00000690      0x1d8 Application\User\stm32f4xx_hal_msp.o
 .debug_abbrev  0x00000868      0x1ca Application\User\stm32f4xx_it.o
 .debug_abbrev  0x00000a32      0x170 Application\User\usb_device.o
 .debug_abbrev  0x00000ba2      0x286 Application\User\usbd_conf.o
 .debug_abbrev  0x00000e28      0x1c8 Application\User\usbd_desc.o
 .debug_abbrev  0x00000ff0      0x226 Application\User\usbd_storage_if.o
 .debug_abbrev  0x00001216      0x101 Drivers\CMSIS\system_stm32f4xx.o
 .debug_abbrev  0x00001317      0x244 Drivers\STM32F4xx_HAL_Driver\stm32f4xx_hal.o
 .debug_abbrev  0x0000155b      0x32f Drivers\STM32F4xx_HAL_Driver\stm32f4xx_hal_cortex.o
 .debug_abbrev  0x0000188a      0x2dd Drivers\STM32F4xx_HAL_Driver\stm32f4xx_hal_dma.o
 .debug_abbrev  0x00001b67      0x1c8 Drivers\STM32F4xx_HAL_Driver\stm32f4xx_hal_gpio.o
 .debug_abbrev  0x00001d2f      0x2dc Drivers\STM32F4xx_HAL_Driver\stm32f4xx_hal_pcd.o
 .debug_abbrev  0x0000200b      0x16f Drivers\STM32F4xx_HAL_Driver\stm32f4xx_hal_pcd_ex.o
 .debug_abbrev  0x0000217a      0x31e Drivers\STM32F4xx_HAL_Driver\stm32f4xx_hal_rcc.o
 .debug_abbrev  0x00002498      0x377 Drivers\STM32F4xx_HAL_Driver\stm32f4xx_hal_sd.o
 .debug_abbrev  0x0000280f      0x2ec Drivers\STM32F4xx_HAL_Driver\stm32f4xx_hal_uart.o
 .debug_abbrev  0x00002afb      0x1bb Drivers\STM32F4xx_HAL_Driver\stm32f4xx_ll_sdmmc.o
 .debug_abbrev  0x00002cb6      0x2de Drivers\STM32F4xx_HAL_Driver\stm32f4xx_ll_usb.o
 .debug_abbrev  0x00002f94      0x18c Middlewares\FatFs\diskio.o
 .debug_abbrev  0x00003120      0x35a Middlewares\FatFs\ff.o
 .debug_abbrev  0x0000347a      0x1db Middlewares\FatFs\ff_gen_drv.o
 .debug_abbrev  0x00003655      0x1dd Middlewares\FatFs\sd_diskio.o
 .debug_abbrev  0x00003832       0xc6 Middlewares\FatFs\syscall.o
 .debug_abbrev  0x000038f8      0x270 Middlewares\USB_Device_Library\usbd_core.o
 .debug_abbrev  0x00003b68      0x2c4 Middlewares\USB_Device_Library\usbd_ctlreq.o
 .debug_abbrev  0x00003e2c      0x155 Middlewares\USB_Device_Library\usbd_ioreq.o
 .debug_abbrev  0x00003f81      0x22d Middlewares\USB_Device_Library\usbd_msc.o
 .debug_abbrev  0x000041ae      0x303 Middlewares\USB_Device_Library\usbd_msc_bot.o
 .debug_abbrev  0x000044b1       0x75 Middlewares\USB_Device_Library\usbd_msc_data.o
 .debug_abbrev  0x00004526      0x371 Middlewares\USB_Device_Library\usbd_msc_scsi.o
 .debug_abbrev  0x00004897      0x461 functions.o

.debug_aranges  0x00000000     0x1090
 .debug_aranges
                0x00000000       0x28 Application\TrueSTUDIO\startup_stm32f407xx.o
 .debug_aranges
                0x00000028       0x90 Application\User\bsp_driver_sd.o
 .debug_aranges
                0x000000b8       0x28 Application\User\fatfs.o
 .debug_aranges
                0x000000e0       0x30 Application\User\main.o
 .debug_aranges
                0x00000110       0x40 Application\User\stm32f4xx_hal_msp.o
 .debug_aranges
                0x00000150       0x38 Application\User\stm32f4xx_it.o
 .debug_aranges
                0x00000188       0x20 Application\User\usb_device.o
 .debug_aranges
                0x000001a8       0xf8 Application\User\usbd_conf.o
 .debug_aranges
                0x000002a0       0x50 Application\User\usbd_desc.o
 .debug_aranges
                0x000002f0       0x48 Application\User\usbd_storage_if.o
 .debug_aranges
                0x00000338       0x28 Drivers\CMSIS\system_stm32f4xx.o
 .debug_aranges
                0x00000360       0xb8 Drivers\STM32F4xx_HAL_Driver\stm32f4xx_hal.o
 .debug_aranges
                0x00000418       0x98 Drivers\STM32F4xx_HAL_Driver\stm32f4xx_hal_cortex.o
 .debug_aranges
                0x000004b0       0x80 Drivers\STM32F4xx_HAL_Driver\stm32f4xx_hal_dma.o
 .debug_aranges
                0x00000530       0x58 Drivers\STM32F4xx_HAL_Driver\stm32f4xx_hal_gpio.o
 .debug_aranges
                0x00000588       0xc0 Drivers\STM32F4xx_HAL_Driver\stm32f4xx_hal_pcd.o
 .debug_aranges
                0x00000648       0x28 Drivers\STM32F4xx_HAL_Driver\stm32f4xx_hal_pcd_ex.o
 .debug_aranges
                0x00000670       0x80 Drivers\STM32F4xx_HAL_Driver\stm32f4xx_hal_rcc.o
 .debug_aranges
                0x000006f0       0xe8 Drivers\STM32F4xx_HAL_Driver\stm32f4xx_hal_sd.o
 .debug_aranges
                0x000007d8      0x120 Drivers\STM32F4xx_HAL_Driver\stm32f4xx_hal_uart.o
 .debug_aranges
                0x000008f8       0x78 Drivers\STM32F4xx_HAL_Driver\stm32f4xx_ll_sdmmc.o
 .debug_aranges
                0x00000970      0x180 Drivers\STM32F4xx_HAL_Driver\stm32f4xx_ll_usb.o
 .debug_aranges
                0x00000af0       0x48 Middlewares\FatFs\diskio.o
 .debug_aranges
                0x00000b38      0x1a0 Middlewares\FatFs\ff.o
 .debug_aranges
                0x00000cd8       0x40 Middlewares\FatFs\ff_gen_drv.o
 .debug_aranges
                0x00000d18       0x40 Middlewares\FatFs\sd_diskio.o
 .debug_aranges
                0x00000d58       0x28 Middlewares\FatFs\syscall.o
 .debug_aranges
                0x00000d80       0xa8 Middlewares\USB_Device_Library\usbd_core.o
 .debug_aranges
                0x00000e28       0x48 Middlewares\USB_Device_Library\usbd_ctlreq.o
 .debug_aranges
                0x00000e70       0x50 Middlewares\USB_Device_Library\usbd_ioreq.o
 .debug_aranges
                0x00000ec0       0x68 Middlewares\USB_Device_Library\usbd_msc.o
 .debug_aranges
                0x00000f28       0x58 Middlewares\USB_Device_Library\usbd_msc_bot.o
 .debug_aranges
                0x00000f80       0x18 Middlewares\USB_Device_Library\usbd_msc_data.o
 .debug_aranges
                0x00000f98       0x28 Middlewares\USB_Device_Library\usbd_msc_scsi.o
 .debug_aranges
                0x00000fc0       0xd0 functions.o

.debug_ranges   0x00000000     0x1458
 .debug_ranges  0x00000000       0x20 Application\TrueSTUDIO\startup_stm32f407xx.o
 .debug_ranges  0x00000020       0x80 Application\User\bsp_driver_sd.o
 .debug_ranges  0x000000a0       0x18 Application\User\fatfs.o
 .debug_ranges  0x000000b8       0x78 Application\User\main.o
 .debug_ranges  0x00000130       0x78 Application\User\stm32f4xx_hal_msp.o
 .debug_ranges  0x000001a8       0x28 Application\User\stm32f4xx_it.o
 .debug_ranges  0x000001d0       0x10 Application\User\usb_device.o
 .debug_ranges  0x000001e0      0x100 Application\User\usbd_conf.o
 .debug_ranges  0x000002e0       0x40 Application\User\usbd_desc.o
 .debug_ranges  0x00000320       0x38 Application\User\usbd_storage_if.o
 .debug_ranges  0x00000358       0x18 Drivers\CMSIS\system_stm32f4xx.o
 .debug_ranges  0x00000370       0xa8 Drivers\STM32F4xx_HAL_Driver\stm32f4xx_hal.o
 .debug_ranges  0x00000418      0x148 Drivers\STM32F4xx_HAL_Driver\stm32f4xx_hal_cortex.o
 .debug_ranges  0x00000560       0xa8 Drivers\STM32F4xx_HAL_Driver\stm32f4xx_hal_dma.o
 .debug_ranges  0x00000608       0x70 Drivers\STM32F4xx_HAL_Driver\stm32f4xx_hal_gpio.o
 .debug_ranges  0x00000678       0xb0 Drivers\STM32F4xx_HAL_Driver\stm32f4xx_hal_pcd.o
 .debug_ranges  0x00000728       0x18 Drivers\STM32F4xx_HAL_Driver\stm32f4xx_hal_pcd_ex.o
 .debug_ranges  0x00000740      0x150 Drivers\STM32F4xx_HAL_Driver\stm32f4xx_hal_rcc.o
 .debug_ranges  0x00000890      0x178 Drivers\STM32F4xx_HAL_Driver\stm32f4xx_hal_sd.o
 .debug_ranges  0x00000a08      0x128 Drivers\STM32F4xx_HAL_Driver\stm32f4xx_hal_uart.o
 .debug_ranges  0x00000b30       0x68 Drivers\STM32F4xx_HAL_Driver\stm32f4xx_ll_sdmmc.o
 .debug_ranges  0x00000b98      0x170 Drivers\STM32F4xx_HAL_Driver\stm32f4xx_ll_usb.o
 .debug_ranges  0x00000d08       0x38 Middlewares\FatFs\diskio.o
 .debug_ranges  0x00000d40      0x2d0 Middlewares\FatFs\ff.o
 .debug_ranges  0x00001010       0x30 Middlewares\FatFs\ff_gen_drv.o
 .debug_ranges  0x00001040       0x30 Middlewares\FatFs\sd_diskio.o
 .debug_ranges  0x00001070       0x18 Middlewares\FatFs\syscall.o
 .debug_ranges  0x00001088       0x98 Middlewares\USB_Device_Library\usbd_core.o
 .debug_ranges  0x00001120       0x38 Middlewares\USB_Device_Library\usbd_ctlreq.o
 .debug_ranges  0x00001158       0x40 Middlewares\USB_Device_Library\usbd_ioreq.o
 .debug_ranges  0x00001198       0x58 Middlewares\USB_Device_Library\usbd_msc.o
 .debug_ranges  0x000011f0       0x88 Middlewares\USB_Device_Library\usbd_msc_bot.o
 .debug_ranges  0x00001278       0xc0 Middlewares\USB_Device_Library\usbd_msc_scsi.o
 .debug_ranges  0x00001338      0x120 functions.o

.debug_loc      0x00000000     0xf2ca
 .debug_loc     0x00000000      0x35f Application\User\bsp_driver_sd.o
 .debug_loc     0x0000035f       0xcc Application\User\stm32f4xx_hal_msp.o
 .debug_loc     0x0000042b      0x6b1 Application\User\usbd_conf.o
 .debug_loc     0x00000adc      0x273 Application\User\usbd_desc.o
 .debug_loc     0x00000d4f      0x1c3 Application\User\usbd_storage_if.o
 .debug_loc     0x00000f12       0xd7 Drivers\CMSIS\system_stm32f4xx.o
 .debug_loc     0x00000fe9       0x92 Drivers\STM32F4xx_HAL_Driver\stm32f4xx_hal.o
 .debug_loc     0x0000107b      0x4ab Drivers\STM32F4xx_HAL_Driver\stm32f4xx_hal_cortex.o
 .debug_loc     0x00001526      0x757 Drivers\STM32F4xx_HAL_Driver\stm32f4xx_hal_dma.o
 .debug_loc     0x00001c7d      0x374 Drivers\STM32F4xx_HAL_Driver\stm32f4xx_hal_gpio.o
 .debug_loc     0x00001ff1      0xb94 Drivers\STM32F4xx_HAL_Driver\stm32f4xx_hal_pcd.o
 .debug_loc     0x00002b85       0xda Drivers\STM32F4xx_HAL_Driver\stm32f4xx_hal_pcd_ex.o
 .debug_loc     0x00002c5f      0x49b Drivers\STM32F4xx_HAL_Driver\stm32f4xx_hal_rcc.o
 .debug_loc     0x000030fa     0x1cfd Drivers\STM32F4xx_HAL_Driver\stm32f4xx_hal_sd.o
 .debug_loc     0x00004df7     0x1194 Drivers\STM32F4xx_HAL_Driver\stm32f4xx_hal_uart.o
 .debug_loc     0x00005f8b      0x2b9 Drivers\STM32F4xx_HAL_Driver\stm32f4xx_ll_sdmmc.o
 .debug_loc     0x00006244     0x1473 Drivers\STM32F4xx_HAL_Driver\stm32f4xx_ll_usb.o
 .debug_loc     0x000076b7      0x1c6 Middlewares\FatFs\diskio.o
 .debug_loc     0x0000787d     0x4a0e Middlewares\FatFs\ff.o
 .debug_loc     0x0000c28b      0x2cc Middlewares\FatFs\ff_gen_drv.o
 .debug_loc     0x0000c557      0x308 Middlewares\FatFs\sd_diskio.o
 .debug_loc     0x0000c85f       0x42 Middlewares\FatFs\syscall.o
 .debug_loc     0x0000c8a1      0x5d9 Middlewares\USB_Device_Library\usbd_core.o
 .debug_loc     0x0000ce7a      0x710 Middlewares\USB_Device_Library\usbd_ctlreq.o
 .debug_loc     0x0000d58a      0x23c Middlewares\USB_Device_Library\usbd_ioreq.o
 .debug_loc     0x0000d7c6      0x339 Middlewares\USB_Device_Library\usbd_msc.o
 .debug_loc     0x0000daff      0x514 Middlewares\USB_Device_Library\usbd_msc_bot.o
 .debug_loc     0x0000e013      0xe12 Middlewares\USB_Device_Library\usbd_msc_scsi.o
 .debug_loc     0x0000ee25      0x4a5 functions.o

.debug_str      0x00000000     0x58d6
 .debug_str     0x00000000      0xd84 Application\User\bsp_driver_sd.o
                                0xe32 (size before relaxing)
 .debug_str     0x00000d84       0xf7 Application\User\fatfs.o
                                0x307 (size before relaxing)
 .debug_str     0x00000e7b      0xacb Application\User\main.o
                               0x1341 (size before relaxing)
 .debug_str     0x00001946       0xcb Application\User\stm32f4xx_hal_msp.o
                                0xe69 (size before relaxing)
 .debug_str     0x00001a11      0x37b Application\User\stm32f4xx_it.o
                                0x9aa (size before relaxing)
 .debug_str     0x00001d8c      0x3fc Application\User\usb_device.o
                                0x6d6 (size before relaxing)
 .debug_str     0x00002188      0x519 Application\User\usbd_conf.o
                               0x14d0 (size before relaxing)
 .debug_str     0x000026a1      0x123 Application\User\usbd_desc.o
                                0x464 (size before relaxing)
 .debug_str     0x000027c4       0xdc Application\User\usbd_storage_if.o
                                0xa60 (size before relaxing)
 .debug_str     0x000028a0       0x9b Drivers\CMSIS\system_stm32f4xx.o
                                0x409 (size before relaxing)
 .debug_str     0x0000293b      0x244 Drivers\STM32F4xx_HAL_Driver\stm32f4xx_hal.o
                                0xaf0 (size before relaxing)
 .debug_str     0x00002b7f      0x2e6 Drivers\STM32F4xx_HAL_Driver\stm32f4xx_hal_cortex.o
                                0xc50 (size before relaxing)
 .debug_str     0x00002e65      0x2fb Drivers\STM32F4xx_HAL_Driver\stm32f4xx_hal_dma.o
                                0x7ee (size before relaxing)
 .debug_str     0x00003160      0x11b Drivers\STM32F4xx_HAL_Driver\stm32f4xx_hal_gpio.o
                                0x558 (size before relaxing)
 .debug_str     0x0000327b      0x484 Drivers\STM32F4xx_HAL_Driver\stm32f4xx_hal_pcd.o
                                0xb58 (size before relaxing)
 .debug_str     0x000036ff       0x50 Drivers\STM32F4xx_HAL_Driver\stm32f4xx_hal_pcd_ex.o
                                0x5e4 (size before relaxing)
 .debug_str     0x0000374f      0x158 Drivers\STM32F4xx_HAL_Driver\stm32f4xx_hal_rcc.o
                                0x724 (size before relaxing)
 .debug_str     0x000038a7      0x67c Drivers\STM32F4xx_HAL_Driver\stm32f4xx_hal_sd.o
                               0x13eb (size before relaxing)
 .debug_str     0x00003f23      0x346 Drivers\STM32F4xx_HAL_Driver\stm32f4xx_hal_uart.o
                                0xa7b (size before relaxing)
 .debug_str     0x00004269       0xd2 Drivers\STM32F4xx_HAL_Driver\stm32f4xx_ll_sdmmc.o
                                0x533 (size before relaxing)
 .debug_str     0x0000433b      0x3b5 Drivers\STM32F4xx_HAL_Driver\stm32f4xx_ll_usb.o
                                0xc08 (size before relaxing)
 .debug_str     0x000046f0       0x64 Middlewares\FatFs\diskio.o
                                0x31b (size before relaxing)
 .debug_str     0x00004754      0x567 Middlewares\FatFs\ff.o
                                0x862 (size before relaxing)
 .debug_str     0x00004cbb       0x97 Middlewares\FatFs\ff_gen_drv.o
                                0x380 (size before relaxing)
 .debug_str     0x00004d52       0x76 Middlewares\FatFs\sd_diskio.o
                                0x66a (size before relaxing)
 .debug_str     0x00004dc8       0x49 Middlewares\FatFs\syscall.o
                                0x25b (size before relaxing)
 .debug_str     0x00004e11      0x147 Middlewares\USB_Device_Library\usbd_core.o
                                0x8a5 (size before relaxing)
 .debug_str     0x00004f58       0xeb Middlewares\USB_Device_Library\usbd_ctlreq.o
                                0x7d7 (size before relaxing)
 .debug_str     0x00005043       0x69 Middlewares\USB_Device_Library\usbd_ioreq.o
                                0x704 (size before relaxing)
 .debug_str     0x000050ac      0x351 Middlewares\USB_Device_Library\usbd_msc.o