stm32f4xx_hal_uart.c:1704:13:UART_EndRxTransfer	0	static
stm32f4xx_hal_uart.c:1863:13:UART_SetConfig	32	static
stm32f4xx_hal_uart.c:1657:26:UART_WaitOnFlagUntilTimeout.constprop	24	static
stm32f4xx_hal_uart.c:525:14:HAL_UART_MspInit	0	static
stm32f4xx_hal_uart.c:242:19:HAL_UART_Init	8	static
stm32f4xx_hal_uart.c:304:19:HAL_HalfDuplex_Init	8	static
stm32f4xx_hal_uart.c:364:19:HAL_LIN_Init	16	static
stm32f4xx_hal_uart.c:430:19:HAL_MultiProcessor_Init	16	static
stm32f4xx_hal_uart.c:540:14:HAL_UART_MspDeInit	0	static
stm32f4xx_hal_uart.c:493:19:HAL_UART_DeInit	8	static
stm32f4xx_hal_uart.c:614:19:HAL_UART_Transmit	24	static
stm32f4xx_hal_uart.c:696:19:HAL_UART_Receive	24	static
stm32f4xx_hal_uart.c:784:19:HAL_UART_Transmit_IT	0	static
stm32f4xx_hal_uart.c:826:19:HAL_UART_Receive_IT	0	static
stm32f4xx_hal_uart.c:871:19:HAL_UART_Transmit_DMA	16	static
stm32f4xx_hal_uart.c:936:19:HAL_UART_Receive_DMA	16	static
stm32f4xx_hal_uart.c:1000:19:HAL_UART_DMAPause	0	static
stm32f4xx_hal_uart.c:1035:19:HAL_UART_DMAResume	8	static
stm32f4xx_hal_uart.c:1070:19:HAL_UART_DMAStop	8	static
stm32f4xx_hal_uart.c:1243:14:HAL_UART_TxCpltCallback	0	static
stm32f4xx_hal_uart.c:1541:13:UART_DMATransmitCplt	8	static
stm32f4xx_hal_uart.c:1258:14:HAL_UART_TxHalfCpltCallback	0	static
stm32f4xx_hal_uart.c:1570:13:UART_DMATxHalfCplt	8	static
stm32f4xx_hal_uart.c:1273:13:HAL_UART_RxCpltCallback	0	static
stm32f4xx_hal_uart.c:1582:13:UART_DMAReceiveCplt	8	static
stm32f4xx_hal_uart.c:1801:26:UART_Receive_IT	8	static
stm32f4xx_hal_uart.c:1288:13:HAL_UART_RxHalfCpltCallback	0	static
stm32f4xx_hal_uart.c:1610:13:UART_DMARxHalfCplt	8	static
stm32f4xx_hal_uart.c:1303:14:HAL_UART_ErrorCallback	0	static
stm32f4xx_hal_uart.c:1622:13:UART_DMAError	8	static
stm32f4xx_hal_uart.c:1116:6:HAL_UART_IRQHandler	16	static
stm32f4xx_hal_uart.c:1720:13:UART_DMAAbortOnError	8	static
stm32f4xx_hal_uart.c:1339:19:HAL_LIN_SendBreak	0	static
stm32f4xx_hal_uart.c:1366:19:HAL_MultiProcessor_EnterMuteMode	0	static
stm32f4xx_hal_uart.c:1393:19:HAL_MultiProcessor_ExitMuteMode	0	static
stm32f4xx_hal_uart.c:1420:19:HAL_HalfDuplex_EnableTransmitter	0	static
stm32f4xx_hal_uart.c:1455:19:HAL_HalfDuplex_EnableReceiver	0	static
stm32f4xx_hal_uart.c:1512:23:HAL_UART_GetState	0	static
stm32f4xx_hal_uart.c:1527:10:HAL_UART_GetError	0	static
