stm32f4xx_hal_sd.c:2951:28:SD_CmdResp2Error	0	static
stm32f4xx_hal_sd.c:3335:28:SD_IsCardProgramming	40	static
stm32f4xx_hal_sd.c:2775:28:SD_CmdResp1Error	16	static
stm32f4xx_hal_sd.c:3208:28:SD_FindSCR	80	static
stm32f4xx_hal_sd.c:417:13:HAL_SD_MspInit	0	static
stm32f4xx_hal_sd.c:431:13:HAL_SD_MspDeInit	0	static
stm32f4xx_hal_sd.c:399:19:HAL_SD_DeInit	8	static
stm32f4xx_hal_sd.c:892:21:HAL_SD_ReadBlocks_DMA	72	static
stm32f4xx_hal_sd.c:1016:21:HAL_SD_WriteBlocks_DMA	72	static
stm32f4xx_hal_sd.c:1262:21:HAL_SD_Erase	56	static
stm32f4xx_hal_sd.c:1447:13:HAL_SD_XferCpltCallback	0	static
stm32f4xx_hal_sd.c:1461:13:HAL_SD_XferErrorCallback	0	static
stm32f4xx_hal_sd.c:1366:6:HAL_SD_IRQHandler	8	static
stm32f4xx_hal_sd.c:1476:13:HAL_SD_DMA_RxCpltCallback	0	static
stm32f4xx_hal_sd.c:2287:13:SD_DMA_RxCplt	8	static
stm32f4xx_hal_sd.c:1491:13:HAL_SD_DMA_RxErrorCallback	0	static
stm32f4xx_hal_sd.c:2312:13:SD_DMA_RxError	8	static
stm32f4xx_hal_sd.c:1506:13:HAL_SD_DMA_TxCpltCallback	0	static
stm32f4xx_hal_sd.c:2326:13:SD_DMA_TxCplt	8	static
stm32f4xx_hal_sd.c:1521:13:HAL_SD_DMA_TxErrorCallback	0	static
stm32f4xx_hal_sd.c:2351:13:SD_DMA_TxError	8	static
stm32f4xx_hal_sd.c:1556:21:HAL_SD_Get_CardInfo	20	static
stm32f4xx_hal_sd.c:342:21:HAL_SD_Init	104	static
stm32f4xx_hal_sd.c:1772:21:HAL_SD_WideBusOperation_Config	72	static
stm32f4xx_hal_sd.c:1826:21:HAL_SD_StopTransfer	40	static
stm32f4xx_hal_sd.c:470:21:HAL_SD_ReadBlocks	80	static
stm32f4xx_hal_sd.c:664:21:HAL_SD_WriteBlocks	80	static
stm32f4xx_hal_sd.c:1139:21:HAL_SD_CheckReadOperation	16	static
stm32f4xx_hal_sd.c:1853:21:HAL_SD_HighSpeed	144	static
stm32f4xx_hal_sd.c:2021:21:HAL_SD_SendSDStatus	72	static
stm32f4xx_hal_sd.c:2163:29:HAL_SD_GetStatus	40	static
stm32f4xx_hal_sd.c:1199:21:HAL_SD_CheckWriteOperation	16	static
stm32f4xx_hal_sd.c:2192:21:HAL_SD_GetCardStatus	72	static
