stm32f4xx_ll_sdmmc.c:217:19:SDIO_Init	8	static
stm32f4xx_ll_sdmmc.c:269:10:SDIO_ReadFIFO	0	static
stm32f4xx_ll_sdmmc.c:281:19:SDIO_WriteFIFO	0	static
stm32f4xx_ll_sdmmc.c:313:19:SDIO_PowerState_ON	0	static
stm32f4xx_ll_sdmmc.c:326:19:SDIO_PowerState_OFF	0	static
stm32f4xx_ll_sdmmc.c:343:10:SDIO_GetPowerState	0	static
stm32f4xx_ll_sdmmc.c:356:19:SDIO_SendCommand	8	static
stm32f4xx_ll_sdmmc.c:386:9:SDIO_GetCommandResponse	0	static
stm32f4xx_ll_sdmmc.c:402:10:SDIO_GetResponse	8	static
stm32f4xx_ll_sdmmc.c:423:19:SDIO_DataConfig	8	static
stm32f4xx_ll_sdmmc.c:458:10:SDIO_GetDataCounter	0	static
stm32f4xx_ll_sdmmc.c:468:10:SDIO_GetFIFOCount	0	static
stm32f4xx_ll_sdmmc.c:482:19:SDIO_SetSDIOReadWaitMode	0	static
