ff.c:580:6:mem_cpy	0	static
ff.c:597:6:mem_set	0	static
ff.c:1125:7:clmt_clust	0	static
ff.c:1508:6:sum_sfn	0	static
ff.c:2185:5:get_ldnumber	8	static
ff.c:2443:9:validate	8	static
ff.c:1308:7:ld_clust.isra.0	0	static
ff.c:773:9:sync_window.part.1	16	static
ff.c:773:9:sync_window	0	static
ff.c:833:9:sync_fs	16	static
ff.c:802:9:move_window	16	static
ff.c:2246:6:check_fs	8	static
ff.c:2274:9:find_volume	40	static
ff.c:873:7:clust2sect	0	static
ff.c:891:7:get_fat	24	static
ff.c:1153:9:dir_sdi	16	static
ff.c:946:9:put_fat	24	static
ff.c:1063:7:create_chain	24	static
ff.c:1201:9:dir_next	32	static
ff.c:1726:9:dir_remove	16	static
ff.c:1589:9:dir_read.constprop	32	static
ff.c:1010:9:remove_chain	16	static
ff.c:2473:9:f_mount	24	static
ff.c:2656:9:f_read	40	static
ff.c:2757:9:f_write	40	static
ff.c:2879:9:f_sync	16	static
ff.c:2928:9:f_close	8	static
ff.c:3100:9:f_lseek	32	static
ff.c:3314:9:f_closedir	8	static
ff.c:3475:9:f_getfree	40	static
ff.c:3542:9:f_truncate	16	static
ff.c:4136:9:f_mkfs	64	static
ff.c:5223:7:ff_convert	8	static
ff.c:1773:6:get_fileinfo	24	static
ff.c:3017:9:f_getcwd	632	static
ff.c:3346:9:f_readdir	40	static
ff.c:5250:7:ff_wtoupper	0	static
ff.c:1528:9:dir_find.part.9	56	static
ff.c:1648:9:dir_register	64	static
ff.c:2123:9:follow_path	48	static
ff.c:2984:9:f_chdir	584	static
ff.c:3258:9:f_opendir	40	static
ff.c:3440:9:f_stat	584	static
ff.c:3598:9:f_unlink	1144	static
ff.c:3741:9:f_chmod	592	static
ff.c:3862:9:f_utime	584	static
ff.c:2520:9:f_open	600	static
ff.c:3667:9:f_mkdir	632	static
ff.c:3784:9:f_rename	1160	static
