bsp_driver_sd.c:47:9:BSP_SD_Init	16	static
bsp_driver_sd.c:81:9:BSP_SD_ITConfig	0	static
bsp_driver_sd.c:90:6:BSP_SD_DetectIT	0	static
bsp_driver_sd.c:97:13:BSP_SD_DetectCallback	0	static
bsp_driver_sd.c:112:9:BSP_SD_ReadBlocks	16	static
bsp_driver_sd.c:134:9:BSP_SD_WriteBlocks	16	static
bsp_driver_sd.c:156:9:BSP_SD_ReadBlocks_DMA	16	static
bsp_driver_sd.c:190:9:BSP_SD_WriteBlocks_DMA	16	static
bsp_driver_sd.c:222:9:BSP_SD_Erase	16	static
bsp_driver_sd.c:239:6:BSP_SD_IRQHandler	0	static
bsp_driver_sd.c:247:6:BSP_SD_DMA_Tx_IRQHandler	0	static
bsp_driver_sd.c:255:6:BSP_SD_DMA_Rx_IRQHandler	0	static
bsp_driver_sd.c:268:29:BSP_SD_GetStatus	0	static
bsp_driver_sd.c:277:6:BSP_SD_GetCardInfo	0	static
bsp_driver_sd.c:288:9:BSP_SD_IsDetected	8	static
